Archive member included to satisfy reference by file (symbol)

c:/st/stm32cubeide_1.4.0/stm32cubeide/plugins/com.st.stm32cube.ide.mcu.externaltools.gnu-tools-for-stm32.7-2018-q2-update.win32_1.4.0.202007081208/tools/bin/../lib/gcc/arm-none-eabi/7.3.1/../../../../arm-none-eabi/lib/thumb/v7e-m/fpv4-sp/hard\libc_nano.a(lib_a-atoi.o)
                              Core/Src/main.o (atoi)
c:/st/stm32cubeide_1.4.0/stm32cubeide/plugins/com.st.stm32cube.ide.mcu.externaltools.gnu-tools-for-stm32.7-2018-q2-update.win32_1.4.0.202007081208/tools/bin/../lib/gcc/arm-none-eabi/7.3.1/../../../../arm-none-eabi/lib/thumb/v7e-m/fpv4-sp/hard\libc_nano.a(lib_a-errno.o)
                              Core/Src/syscalls.o (__errno)
c:/st/stm32cubeide_1.4.0/stm32cubeide/plugins/com.st.stm32cube.ide.mcu.externaltools.gnu-tools-for-stm32.7-2018-q2-update.win32_1.4.0.202007081208/tools/bin/../lib/gcc/arm-none-eabi/7.3.1/../../../../arm-none-eabi/lib/thumb/v7e-m/fpv4-sp/hard\libc_nano.a(lib_a-exit.o)
                              c:/st/stm32cubeide_1.4.0/stm32cubeide/plugins/com.st.stm32cube.ide.mcu.externaltools.gnu-tools-for-stm32.7-2018-q2-update.win32_1.4.0.202007081208/tools/bin/../lib/gcc/arm-none-eabi/7.3.1/../../../../arm-none-eabi/lib/thumb/v7e-m/fpv4-sp/hard/crt0.o (exit)
c:/st/stm32cubeide_1.4.0/stm32cubeide/plugins/com.st.stm32cube.ide.mcu.externaltools.gnu-tools-for-stm32.7-2018-q2-update.win32_1.4.0.202007081208/tools/bin/../lib/gcc/arm-none-eabi/7.3.1/../../../../arm-none-eabi/lib/thumb/v7e-m/fpv4-sp/hard\libc_nano.a(lib_a-impure.o)
                              c:/st/stm32cubeide_1.4.0/stm32cubeide/plugins/com.st.stm32cube.ide.mcu.externaltools.gnu-tools-for-stm32.7-2018-q2-update.win32_1.4.0.202007081208/tools/bin/../lib/gcc/arm-none-eabi/7.3.1/../../../../arm-none-eabi/lib/thumb/v7e-m/fpv4-sp/hard\libc_nano.a(lib_a-exit.o) (_global_impure_ptr)
c:/st/stm32cubeide_1.4.0/stm32cubeide/plugins/com.st.stm32cube.ide.mcu.externaltools.gnu-tools-for-stm32.7-2018-q2-update.win32_1.4.0.202007081208/tools/bin/../lib/gcc/arm-none-eabi/7.3.1/../../../../arm-none-eabi/lib/thumb/v7e-m/fpv4-sp/hard\libc_nano.a(lib_a-init.o)
                              c:/st/stm32cubeide_1.4.0/stm32cubeide/plugins/com.st.stm32cube.ide.mcu.externaltools.gnu-tools-for-stm32.7-2018-q2-update.win32_1.4.0.202007081208/tools/bin/../lib/gcc/arm-none-eabi/7.3.1/../../../../arm-none-eabi/lib/thumb/v7e-m/fpv4-sp/hard/crt0.o (__libc_init_array)
c:/st/stm32cubeide_1.4.0/stm32cubeide/plugins/com.st.stm32cube.ide.mcu.externaltools.gnu-tools-for-stm32.7-2018-q2-update.win32_1.4.0.202007081208/tools/bin/../lib/gcc/arm-none-eabi/7.3.1/../../../../arm-none-eabi/lib/thumb/v7e-m/fpv4-sp/hard\libc_nano.a(lib_a-memcmp.o)
                              Core/Src/es_wifi.o (memcmp)
c:/st/stm32cubeide_1.4.0/stm32cubeide/plugins/com.st.stm32cube.ide.mcu.externaltools.gnu-tools-for-stm32.7-2018-q2-update.win32_1.4.0.202007081208/tools/bin/../lib/gcc/arm-none-eabi/7.3.1/../../../../arm-none-eabi/lib/thumb/v7e-m/fpv4-sp/hard\libc_nano.a(lib_a-memcpy-stub.o)
                              Core/Src/es_wifi.o (memcpy)
c:/st/stm32cubeide_1.4.0/stm32cubeide/plugins/com.st.stm32cube.ide.mcu.externaltools.gnu-tools-for-stm32.7-2018-q2-update.win32_1.4.0.202007081208/tools/bin/../lib/gcc/arm-none-eabi/7.3.1/../../../../arm-none-eabi/lib/thumb/v7e-m/fpv4-sp/hard\libc_nano.a(lib_a-memset.o)
                              c:/st/stm32cubeide_1.4.0/stm32cubeide/plugins/com.st.stm32cube.ide.mcu.externaltools.gnu-tools-for-stm32.7-2018-q2-update.win32_1.4.0.202007081208/tools/bin/../lib/gcc/arm-none-eabi/7.3.1/../../../../arm-none-eabi/lib/thumb/v7e-m/fpv4-sp/hard/crt0.o (memset)
c:/st/stm32cubeide_1.4.0/stm32cubeide/plugins/com.st.stm32cube.ide.mcu.externaltools.gnu-tools-for-stm32.7-2018-q2-update.win32_1.4.0.202007081208/tools/bin/../lib/gcc/arm-none-eabi/7.3.1/../../../../arm-none-eabi/lib/thumb/v7e-m/fpv4-sp/hard\libc_nano.a(lib_a-printf.o)
                              Core/Src/es_wifi.o (printf)
c:/st/stm32cubeide_1.4.0/stm32cubeide/plugins/com.st.stm32cube.ide.mcu.externaltools.gnu-tools-for-stm32.7-2018-q2-update.win32_1.4.0.202007081208/tools/bin/../lib/gcc/arm-none-eabi/7.3.1/../../../../arm-none-eabi/lib/thumb/v7e-m/fpv4-sp/hard\libc_nano.a(lib_a-puts.o)
                              Core/Src/es_wifi.o (puts)
c:/st/stm32cubeide_1.4.0/stm32cubeide/plugins/com.st.stm32cube.ide.mcu.externaltools.gnu-tools-for-stm32.7-2018-q2-update.win32_1.4.0.202007081208/tools/bin/../lib/gcc/arm-none-eabi/7.3.1/../../../../arm-none-eabi/lib/thumb/v7e-m/fpv4-sp/hard\libc_nano.a(lib_a-sprintf.o)
                              Core/Src/es_wifi.o (sprintf)
c:/st/stm32cubeide_1.4.0/stm32cubeide/plugins/com.st.stm32cube.ide.mcu.externaltools.gnu-tools-for-stm32.7-2018-q2-update.win32_1.4.0.202007081208/tools/bin/../lib/gcc/arm-none-eabi/7.3.1/../../../../arm-none-eabi/lib/thumb/v7e-m/fpv4-sp/hard\libc_nano.a(lib_a-strcat.o)
                              Core/Src/main.o (strcat)
[...]
Memory Configuration

Name             Origin             Length             Attributes
RAM              0x0000000020000000 0x0000000000018000 xrw
RAM2             0x0000000010000000 0x0000000000008000 xrw
FLASH            0x0000000008000000 0x0000000000100000 xr
*default*        0x0000000000000000 0xffffffffffffffff

Linker script and memory map

LOAD c:/st/stm32cubeide_1.4.0/stm32cubeide/plugins/com.st.stm32cube.ide.mcu.externaltools.gnu-tools-for-stm32.7-2018-q2-update.win32_1.4.0.202007081208/tools/bin/../lib/gcc/arm-none-eabi/7.3.1/thumb/v7e-m/fpv4-sp/hard/crti.o
LOAD c:/st/stm32cubeide_1.4.0/stm32cubeide/plugins/com.st.stm32cube.ide.mcu.externaltools.gnu-tools-for-stm32.7-2018-q2-update.win32_1.4.0.202007081208/tools/bin/../lib/gcc/arm-none-eabi/7.3.1/thumb/v7e-m/fpv4-sp/hard/crtbegin.o
LOAD c:/st/stm32cubeide_1.4.0/stm32cubeide/plugins/com.st.stm32cube.ide.mcu.externaltools.gnu-tools-for-stm32.7-2018-q2-update.win32_1.4.0.202007081208/tools/bin/../lib/gcc/arm-none-eabi/7.3.1/../../../../arm-none-eabi/lib/thumb/v7e-m/fpv4-sp/hard/crt0.o
LOAD Core/Src/es_wifi.o
LOAD Core/Src/es_wifi_io.o
LOAD Core/Src/hts221.o
LOAD Core/Src/main.o
LOAD Core/Src/stm32l475e_iot01.o
LOAD Core/Src/stm32l475e_iot01_tsensor.o
LOAD Core/Src/stm32l4xx_hal_msp.o
LOAD Core/Src/stm32l4xx_it.o
LOAD Core/Src/syscalls.o
LOAD Core/Src/sysmem.o
LOAD Core/Src/system_stm32l4xx.o
LOAD Core/Src/wifi.o
LOAD Core/Src/vl53l0x/vl53l0x_api.o
LOAD Core/Src/vl53l0x/vl53l0x_api_calibration.o
LOAD Core/Src/vl53l0x/vl53l0x_api_core.o
LOAD Core/Src/vl53l0x/vl53l0x_api_ranging.o
LOAD Core/Src/vl53l0x/vl53l0x_api_strings.o
LOAD Core/Src/vl53l0x/vl53l0x_platform_log.o
LOAD Core/Src/vl53l0x/vl53l0x_tof.o
LOAD Core/Startup/startup_stm32l475vgtx.o
LOAD Drivers/STM32L4xx_HAL_Driver/Src/stm32l4xx_hal.o
LOAD Drivers/STM32L4xx_HAL_Driver/Src/stm32l4xx_hal_cortex.o
LOAD Drivers/STM32L4xx_HAL_Driver/Src/stm32l4xx_hal_dma.o
LOAD Drivers/STM32L4xx_HAL_Driver/Src/stm32l4xx_hal_dma_ex.o
LOAD Drivers/STM32L4xx_HAL_Driver/Src/stm32l4xx_hal_exti.o
LOAD Drivers/STM32L4xx_HAL_Driver/Src/stm32l4xx_hal_flash.o
LOAD Drivers/STM32L4xx_HAL_Driver/Src/stm32l4xx_hal_flash_ex.o
LOAD Drivers/STM32L4xx_HAL_Driver/Src/stm32l4xx_hal_flash_ramfunc.o
LOAD Drivers/STM32L4xx_HAL_Driver/Src/stm32l4xx_hal_gpio.o
LOAD Drivers/STM32L4xx_HAL_Driver/Src/stm32l4xx_hal_i2c.o
LOAD Drivers/STM32L4xx_HAL_Driver/Src/stm32l4xx_hal_i2c_ex.o
LOAD Drivers/STM32L4xx_HAL_Driver/Src/stm32l4xx_hal_iwdg.o
LOAD Drivers/STM32L4xx_HAL_Driver/Src/stm32l4xx_hal_pwr.o
LOAD Drivers/STM32L4xx_HAL_Driver/Src/stm32l4xx_hal_pwr_ex.o
LOAD Drivers/STM32L4xx_HAL_Driver/Src/stm32l4xx_hal_rcc.o
LOAD Drivers/STM32L4xx_HAL_Driver/Src/stm32l4xx_hal_rcc_ex.o
LOAD Drivers/STM32L4xx_HAL_Driver/Src/stm32l4xx_hal_spi.o
LOAD Drivers/STM32L4xx_HAL_Driver/Src/stm32l4xx_hal_spi_ex.o
LOAD Drivers/STM32L4xx_HAL_Driver/Src/stm32l4xx_hal_tim.o
LOAD Drivers/STM32L4xx_HAL_Driver/Src/stm32l4xx_hal_tim_ex.o
LOAD Drivers/STM32L4xx_HAL_Driver/Src/stm32l4xx_hal_uart.o
LOAD Drivers/STM32L4xx_HAL_Driver/Src/stm32l4xx_hal_uart_ex.o
LOAD Drivers/STM32L4xx_HAL_Driver/Src/stm32l4xx_ll_spi.o
START GROUP
LOAD c:/st/stm32cubeide_1.4.0/stm32cubeide/plugins/com.st.stm32cube.ide.mcu.externaltools.gnu-tools-for-stm32.7-2018-q2-update.win32_1.4.0.202007081208/tools/bin/../lib/gcc/arm-none-eabi/7.3.1/../../../../arm-none-eabi/lib/thumb/v7e-m/fpv4-sp/hard\libc_nano.a
LOAD c:/st/stm32cubeide_1.4.0/stm32cubeide/plugins/com.st.stm32cube.ide.mcu.externaltools.gnu-tools-for-stm32.7-2018-q2-update.win32_1.4.0.202007081208/tools/bin/../lib/gcc/arm-none-eabi/7.3.1/../../../../arm-none-eabi/lib/thumb/v7e-m/fpv4-sp/hard\libm.a
END GROUP
START GROUP
LOAD c:/st/stm32cubeide_1.4.0/stm32cubeide/plugins/com.st.stm32cube.ide.mcu.externaltools.gnu-tools-for-stm32.7-2018-q2-update.win32_1.4.0.202007081208/tools/bin/../lib/gcc/arm-none-eabi/7.3.1/thumb/v7e-m/fpv4-sp/hard\libgcc.a
LOAD c:/st/stm32cubeide_1.4.0/stm32cubeide/plugins/com.st.stm32cube.ide.mcu.externaltools.gnu-tools-for-stm32.7-2018-q2-update.win32_1.4.0.202007081208/tools/bin/../lib/gcc/arm-none-eabi/7.3.1/../../../../arm-none-eabi/lib/thumb/v7e-m/fpv4-sp/hard\libc_nano.a
END GROUP
START GROUP
LOAD c:/st/stm32cubeide_1.4.0/stm32cubeide/plugins/com.st.stm32cube.ide.mcu.externaltools.gnu-tools-for-stm32.7-2018-q2-update.win32_1.4.0.202007081208/tools/bin/../lib/gcc/arm-none-eabi/7.3.1/thumb/v7e-m/fpv4-sp/hard\libgcc.a
LOAD c:/st/stm32cubeide_1.4.0/stm32cubeide/plugins/com.st.stm32cube.ide.mcu.externaltools.gnu-tools-for-stm32.7-2018-q2-update.win32_1.4.0.202007081208/tools/bin/../lib/gcc/arm-none-eabi/7.3.1/../../../../arm-none-eabi/lib/thumb/v7e-m/fpv4-sp/hard\libc_nano.a
LOAD c:/st/stm32cubeide_1.4.0/stm32cubeide/plugins/com.st.stm32cube.ide.mcu.externaltools.gnu-tools-for-stm32.7-2018-q2-update.win32_1.4.0.202007081208/tools/bin/../lib/gcc/arm-none-eabi/7.3.1/../../../../arm-none-eabi/lib/thumb/v7e-m/fpv4-sp/hard\libnosys.a
END GROUP
START GROUP
LOAD c:/st/stm32cubeide_1.4.0/stm32cubeide/plugins/com.st.stm32cube.ide.mcu.externaltools.gnu-tools-for-stm32.7-2018-q2-update.win32_1.4.0.202007081208/tools/bin/../lib/gcc/arm-none-eabi/7.3.1/thumb/v7e-m/fpv4-sp/hard\libgcc.a
LOAD c:/st/stm32cubeide_1.4.0/stm32cubeide/plugins/com.st.stm32cube.ide.mcu.externaltools.gnu-tools-for-stm32.7-2018-q2-update.win32_1.4.0.202007081208/tools/bin/../lib/gcc/arm-none-eabi/7.3.1/../../../../arm-none-eabi/lib/thumb/v7e-m/fpv4-sp/hard\libc_nano.a
LOAD c:/st/stm32cubeide_1.4.0/stm32cubeide/plugins/com.st.stm32cube.ide.mcu.externaltools.gnu-tools-for-stm32.7-2018-q2-update.win32_1.4.0.202007081208/tools/bin/../lib/gcc/arm-none-eabi/7.3.1/../../../../arm-none-eabi/lib/thumb/v7e-m/fpv4-sp/hard\libnosys.a
END GROUP
LOAD c:/st/stm32cubeide_1.4.0/stm32cubeide/plugins/com.st.stm32cube.ide.mcu.externaltools.gnu-tools-for-stm32.7-2018-q2-update.win32_1.4.0.202007081208/tools/bin/../lib/gcc/arm-none-eabi/7.3.1/thumb/v7e-m/fpv4-sp/hard/crtend.o
LOAD c:/st/stm32cubeide_1.4.0/stm32cubeide/plugins/com.st.stm32cube.ide.mcu.externaltools.gnu-tools-for-stm32.7-2018-q2-update.win32_1.4.0.202007081208/tools/bin/../lib/gcc/arm-none-eabi/7.3.1/thumb/v7e-m/fpv4-sp/hard/crtn.o
                0x0000000020018000                _estack = (ORIGIN (RAM) + LENGTH (RAM))
                0x0000000000000200                _Min_Heap_Size = 0x200
                0x0000000000000400                _Min_Stack_Size = 0x400

.isr_vector     0x0000000008000000      0x188
                0x0000000008000000                . = ALIGN (0x4)
 *(.isr_vector)
 .isr_vector    0x0000000008000000      0x188 Core/Startup/startup_stm32l475vgtx.o
                0x0000000008000000                g_pfnVectors
                0x0000000008000188                . = ALIGN (0x4)

.text           0x0000000008000190     0xd2b0
                0x0000000008000190                . = ALIGN (0x4)
 *(.text)
 .text          0x0000000008000190       0x40 c:/st/stm32cubeide_1.4.0/stm32cubeide/plugins/com.st.stm32cube.ide.mcu.externaltools.gnu-tools-for-stm32.7-2018-q2-update.win32_1.4.0.202007081208/tools/bin/../lib/gcc/arm-none-eabi/7.3.1/thumb/v7e-m/fpv4-sp/hard/crtbegin.o
 .text          0x00000000080001d0       0x10 c:/st/stm32cubeide_1.4.0/stm32cubeide/plugins/com.st.stm32cube.ide.mcu.externaltools.gnu-tools-for-stm32.7-2018-q2-update.win32_1.4.0.202007081208/tools/bin/../lib/gcc/arm-none-eabi/7.3.1/../../../../arm-none-eabi/lib/thumb/v7e-m/fpv4-sp/hard\libc_nano.a(lib_a-strlen.o)
                0x00000000080001d0                strlen
 .text          0x00000000080001e0       0xa0 c:/st/stm32cubeide_1.4.0/stm32cubeide/plugins/com.st.stm32cube.ide.mcu.externaltools.gnu-tools-for-stm32.7-2018-q2-update.win32_1.4.0.202007081208/tools/bin/../lib/gcc/arm-none-eabi/7.3.1/../../../../arm-none-eabi/lib/thumb/v7e-m/fpv4-sp/hard\libc_nano.a(lib_a-memchr.o)
                0x00000000080001e0                memchr
 .text          0x0000000008000280      0x378 c:/st/stm32cubeide_1.4.0/stm32cubeide/plugins/com.st.stm32cube.ide.mcu.externaltools.gnu-tools-for-stm32.7-2018-q2-update.win32_1.4.0.202007081208/tools/bin/../lib/gcc/arm-none-eabi/7.3.1/thumb/v7e-m/fpv4-sp/hard\libgcc.a(_arm_addsubdf3.o)
                0x0000000008000280                __aeabi_drsub
                0x0000000008000288                __aeabi_dsub
                0x0000000008000288                __subdf3
                0x000000000800028c                __aeabi_dadd
                0x000000000800028c                __adddf3
                0x0000000008000504                __floatunsidf
                0x0000000008000504                __aeabi_ui2d
                0x0000000008000524                __floatsidf
                0x0000000008000524                __aeabi_i2d
                0x0000000008000548                __aeabi_f2d
                0x0000000008000548                __extendsfdf2
                0x000000000800058c                __floatundidf
                0x000000000800058c                __aeabi_ul2d
                0x000000000800059c                __floatdidf
                0x000000000800059c                __aeabi_l2d
 .text          0x00000000080005f8      0x424 c:/st/stm32cubeide_1.4.0/stm32cubeide/plugins/com.st.stm32cube.ide.mcu.externaltools.gnu-tools-for-stm32.7-2018-q2-update.win32_1.4.0.202007081208/tools/bin/../lib/gcc/arm-none-eabi/7.3.1/thumb/v7e-m/fpv4-sp/hard\libgcc.a(_arm_muldivdf3.o)
                0x00000000080005f8                __aeabi_dmul
                0x00000000080005f8                __muldf3
                0x000000000800084c                __divdf3
                0x000000000800084c                __aeabi_ddiv
 .text          0x0000000008000a1c       0x40 c:/st/stm32cubeide_1.4.0/stm32cubeide/plugins/com.st.stm32cube.ide.mcu.externaltools.gnu-tools-for-stm32.7-2018-q2-update.win32_1.4.0.202007081208/tools/bin/../lib/gcc/arm-none-eabi/7.3.1/thumb/v7e-m/fpv4-sp/hard\libgcc.a(_arm_fixunsdfsi.o)
                0x0000000008000a1c                __aeabi_d2uiz
                0x0000000008000a1c                __fixunsdfsi
 .text          0x0000000008000a5c       0x30 c:/st/stm32cubeide_1.4.0/stm32cubeide/plugins/com.st.stm32cube.ide.mcu.externaltools.gnu-tools-for-stm32.7-2018-q2-update.win32_1.4.0.202007081208/tools/bin/../lib/gcc/arm-none-eabi/7.3.1/thumb/v7e-m/fpv4-sp/hard\libgcc.a(_aeabi_uldivmod.o)
                0x0000000008000a5c                __aeabi_uldivmod
 .text          0x0000000008000a8c      0x2cc c:/st/stm32cubeide_1.4.0/stm32cubeide/plugins/com.st.stm32cube.ide.mcu.externaltools.gnu-tools-for-stm32.7-2018-q2-update.win32_1.4.0.202007081208/tools/bin/../lib/gcc/arm-none-eabi/7.3.1/thumb/v7e-m/fpv4-sp/hard\libgcc.a(_udivmoddi4.o)
                0x0000000008000a8c                __udivmoddi4
 .text          0x0000000008000d58        0x4 c:/st/stm32cubeide_1.4.0/stm32cubeide/plugins/com.st.stm32cube.ide.mcu.externaltools.gnu-tools-for-stm32.7-2018-q2-update.win32_1.4.0.202007081208/tools/bin/../lib/gcc/arm-none-eabi/7.3.1/thumb/v7e-m/fpv4-sp/hard\libgcc.a(_dvmd_tls.o)
                0x0000000008000d58                __aeabi_idiv0
                0x0000000008000d58                __aeabi_ldiv0
 *(.text*)
 .text.Hex2Num  0x0000000008000d5c       0x54 Core/Src/es_wifi.o
 .text.ParseHexNumber
                0x0000000008000db0       0x80 Core/Src/es_wifi.o
 .text.ParseNumber
                0x0000000008000e30       0x88 Core/Src/es_wifi.o
 .text.ParseMAC
                0x0000000008000eb8       0x54 Core/Src/es_wifi.o
 .text.ParseIP  0x0000000008000f0c       0x54 Core/Src/es_wifi.o
 .text.AT_ParseInfo
                0x0000000008000f60       0xec Core/Src/es_wifi.o
 .text.AT_ParseConnSettings
                0x000000000800104c      0x160 Core/Src/es_wifi.o
 .text.AT_ParseIsConnected
                0x00000000080011ac       0x2c Core/Src/es_wifi.o
 .text.AT_ExecuteCommand
                0x00000000080011d8       0xcc Core/Src/es_wifi.o
 .text.AT_RequestSendData
                0x00000000080012a4       0xec Core/Src/es_wifi.o
 .text.AT_RequestReceiveData
                0x0000000008001390      0x12c Core/Src/es_wifi.o
 .text.ES_WIFI_Init
                0x00000000080014bc       0x5c Core/Src/es_wifi.o
                0x00000000080014bc                ES_WIFI_Init
 .text.ES_WIFI_RegisterBusIO
                0x0000000008001518       0x66 Core/Src/es_wifi.o
                0x0000000008001518                ES_WIFI_RegisterBusIO
 *fill*         0x000000000800157e        0x2 
 .text.ES_WIFI_Connect
                0x0000000008001580       0xec Core/Src/es_wifi.o
                0x0000000008001580                ES_WIFI_Connect
 .text.ES_WIFI_IsConnected
                0x000000000800166c       0x58 Core/Src/es_wifi.o
                0x000000000800166c                ES_WIFI_IsConnected
 .text.ES_WIFI_GetNetworkSettings
                0x00000000080016c4       0x54 Core/Src/es_wifi.o
                0x00000000080016c4                ES_WIFI_GetNetworkSettings
 .text.ES_WIFI_GetMACAddress
                0x0000000008001718       0x60 Core/Src/es_wifi.o
                0x0000000008001718                ES_WIFI_GetMACAddress
 .text.ES_WIFI_StartServerSingleConn
                0x0000000008001778      0x168 Core/Src/es_wifi.o
                0x0000000008001778                ES_WIFI_StartServerSingleConn
 .text.ES_WIFI_WaitServerConnection
                0x00000000080018e0      0x240 Core/Src/es_wifi.o
                0x00000000080018e0                ES_WIFI_WaitServerConnection
 .text.ES_WIFI_CloseServerConnection
                0x0000000008001b20       0xc4 Core/Src/es_wifi.o
                0x0000000008001b20                ES_WIFI_CloseServerConnection
 .text.ES_WIFI_StopServerSingleConn
                0x0000000008001be4       0xc4 Core/Src/es_wifi.o
                0x0000000008001be4                ES_WIFI_StopServerSingleConn
 .text.ES_WIFI_SendData
                0x0000000008001ca8      0x178 Core/Src/es_wifi.o
                0x0000000008001ca8                ES_WIFI_SendData
 .text.ES_WIFI_ReceiveData
                0x0000000008001e20      0x17c Core/Src/es_wifi.o
                0x0000000008001e20                ES_WIFI_ReceiveData
 .text.SPI_WIFI_MspInit
                0x0000000008001f9c      0x178 Core/Src/es_wifi_io.o
                0x0000000008001f9c                SPI_WIFI_MspInit
 .text.SPI_WIFI_Init
                0x0000000008002114       0xbc Core/Src/es_wifi_io.o
                0x0000000008002114                SPI_WIFI_Init
 .text.SPI_WIFI_ResetModule
                0x00000000080021d0       0xe0 Core/Src/es_wifi_io.o
                0x00000000080021d0                SPI_WIFI_ResetModule
 .text.SPI_WIFI_DeInit
                0x00000000080022b0       0x14 Core/Src/es_wifi_io.o
                0x00000000080022b0                SPI_WIFI_DeInit
 .text.wait_cmddata_rdy_high
                0x00000000080022c4       0x44 Core/Src/es_wifi_io.o
 .text.wait_cmddata_rdy_rising_event
                0x0000000008002308       0x40 Core/Src/es_wifi_io.o
 .text.wait_spi_rx_event
                0x0000000008002348       0x40 Core/Src/es_wifi_io.o
 .text.wait_spi_tx_event
                0x0000000008002388       0x40 Core/Src/es_wifi_io.o
 .text.SPI_WIFI_ReceiveData
                0x00000000080023c8       0xf4 Core/Src/es_wifi_io.o
                0x00000000080023c8                SPI_WIFI_ReceiveData
 .text.SPI_WIFI_SendData
                0x00000000080024bc       0xdc Core/Src/es_wifi_io.o
                0x00000000080024bc                SPI_WIFI_SendData
 .text.SPI_WIFI_Delay
                0x0000000008002598       0x16 Core/Src/es_wifi_io.o
                0x0000000008002598                SPI_WIFI_Delay
 *fill*         0x00000000080025ae        0x2 
 .text.SPI_WIFI_DelayUs
                0x00000000080025b0       0xa4 Core/Src/es_wifi_io.o
 .text.HAL_SPI_RxCpltCallback
                0x0000000008002654       0x28 Core/Src/es_wifi_io.o
                0x0000000008002654                HAL_SPI_RxCpltCallback
 .text.HAL_SPI_TxCpltCallback
                0x000000000800267c       0x28 Core/Src/es_wifi_io.o
                0x000000000800267c                HAL_SPI_TxCpltCallback
 .text.SPI_WIFI_ISR
                0x00000000080026a4       0x20 Core/Src/es_wifi_io.o
                0x00000000080026a4                SPI_WIFI_ISR
 .text.HTS221_T_Init
                0x00000000080026c4       0x5a Core/Src/hts221.o
                0x00000000080026c4                HTS221_T_Init
 .text.HTS221_T_ReadTemp
                0x000000000800271e      0x10e Core/Src/hts221.o
                0x000000000800271e                HTS221_T_ReadTemp
 .text.main     0x000000000800282c       0x54 Core/Src/main.o
                0x000000000800282c                main
 .text.wifi_start
                0x0000000008002880       0x94 Core/Src/main.o
 .text.wifi_connect
                0x0000000008002914       0xc4 Core/Src/main.o
 .text.wifi_server
                0x00000000080029d8      0x190 Core/Src/main.o
 .text.WebServerProcess
                0x0000000008002b68      0x238 Core/Src/main.o
 .text.SendWebPage
                0x0000000008002da0      0x5b4 Core/Src/main.o
 .text.VL53L0X_PROXIMITY_Init
                0x0000000008003354       0x1c Core/Src/main.o
 .text.VL53L0X_PROXIMITY_GetDistance
                0x0000000008003370       0x20 Core/Src/main.o
 .text.VL53L0X_PROXIMITY_MspInit
                0x0000000008003390       0x40 Core/Src/main.o
 .text.HAL_GPIO_EXTI_Callback
                0x00000000080033d0       0x34 Core/Src/main.o
                0x00000000080033d0                HAL_GPIO_EXTI_Callback
 .text.SPI3_IRQHandler
                0x0000000008003404       0x14 Core/Src/main.o
                0x0000000008003404                SPI3_IRQHandler
 .text.SystemClock_Config
                0x0000000008003418       0xee Core/Src/main.o
                0x0000000008003418                SystemClock_Config
 *fill*         0x0000000008003506        0x2 
 .text.MX_TIM16_Init
                0x0000000008003508       0x50 Core/Src/main.o
 .text.MX_USART1_UART_Init
                0x0000000008003558       0x60 Core/Src/main.o
 .text.MX_GPIO_Init
                0x00000000080035b8      0x458 Core/Src/main.o
 .text.HAL_TIM_PeriodElapsedCallback
                0x0000000008003a10       0x40 Core/Src/main.o
                0x0000000008003a10                HAL_TIM_PeriodElapsedCallback
 .text.serialPrint
                0x0000000008003a50       0x2c Core/Src/main.o
                0x0000000008003a50                serialPrint
 *fill*         0x0000000008003a7c        0x4 
 .text.checkSensors
                0x0000000008003a80       0xac Core/Src/main.o
                0x0000000008003a80                checkSensors
 .text.Error_Handler
                0x0000000008003b2c        0xe Core/Src/main.o
                0x0000000008003b2c                Error_Handler
 *fill*         0x0000000008003b3a        0x2 
 .text.BSP_LED_Init
                0x0000000008003b3c       0x60 Core/Src/stm32l475e_iot01.o
                0x0000000008003b3c                BSP_LED_Init
 .text.BSP_LED_Off
                0x0000000008003b9c       0x2c Core/Src/stm32l475e_iot01.o
                0x0000000008003b9c                BSP_LED_Off
 .text.I2Cx_MspInit
                0x0000000008003bc8       0xb0 Core/Src/stm32l475e_iot01.o
 .text.I2Cx_Init
                0x0000000008003c78       0x5c Core/Src/stm32l475e_iot01.o
 .text.I2Cx_ReadMultiple
                0x0000000008003cd4       0x5a Core/Src/stm32l475e_iot01.o
 .text.I2Cx_WriteMultiple
                0x0000000008003d2e       0x5a Core/Src/stm32l475e_iot01.o
 .text.I2Cx_Error
                0x0000000008003d88       0x20 Core/Src/stm32l475e_iot01.o
 .text.SENSOR_IO_Init
                0x0000000008003da8       0x14 Core/Src/stm32l475e_iot01.o
                0x0000000008003da8                SENSOR_IO_Init
 .text.SENSOR_IO_Write
                0x0000000008003dbc       0x34 Core/Src/stm32l475e_iot01.o
                0x0000000008003dbc                SENSOR_IO_Write
 .text.SENSOR_IO_Read
                0x0000000008003df0       0x3c Core/Src/stm32l475e_iot01.o
                0x0000000008003df0                SENSOR_IO_Read
 .text.SENSOR_IO_ReadMultiple
                0x0000000008003e2c       0x3c Core/Src/stm32l475e_iot01.o
                0x0000000008003e2c                SENSOR_IO_ReadMultiple
 .text.BSP_TSENSOR_Init
                0x0000000008003e68       0x38 Core/Src/stm32l475e_iot01_tsensor.o
                0x0000000008003e68                BSP_TSENSOR_Init
 .text.BSP_TSENSOR_ReadTemp
                0x0000000008003ea0       0x1c Core/Src/stm32l475e_iot01_tsensor.o
                0x0000000008003ea0                BSP_TSENSOR_ReadTemp
 .text.HAL_MspInit
                0x0000000008003ebc       0x48 Core/Src/stm32l4xx_hal_msp.o
                0x0000000008003ebc                HAL_MspInit
 .text.HAL_TIM_Base_MspInit
                0x0000000008003f04       0x4c Core/Src/stm32l4xx_hal_msp.o
                0x0000000008003f04                HAL_TIM_Base_MspInit
 .text.HAL_UART_MspInit
                0x0000000008003f50       0x88 Core/Src/stm32l4xx_hal_msp.o
                0x0000000008003f50                HAL_UART_MspInit
 .text.NMI_Handler
                0x0000000008003fd8        0xe Core/Src/stm32l4xx_it.o
                0x0000000008003fd8                NMI_Handler
 .text.HardFault_Handler
                0x0000000008003fe6        0x6 Core/Src/stm32l4xx_it.o
                0x0000000008003fe6                HardFault_Handler
 .text.MemManage_Handler
                0x0000000008003fec        0x6 Core/Src/stm32l4xx_it.o
                0x0000000008003fec                MemManage_Handler
 .text.BusFault_Handler
                0x0000000008003ff2        0x6 Core/Src/stm32l4xx_it.o
                0x0000000008003ff2                BusFault_Handler
 .text.UsageFault_Handler
                0x0000000008003ff8        0x6 Core/Src/stm32l4xx_it.o
                0x0000000008003ff8                UsageFault_Handler
 .text.SVC_Handler
                0x0000000008003ffe        0xe Core/Src/stm32l4xx_it.o
                0x0000000008003ffe                SVC_Handler
 .text.DebugMon_Handler
                0x000000000800400c        0xe Core/Src/stm32l4xx_it.o
                0x000000000800400c                DebugMon_Handler
 .text.PendSV_Handler
                0x000000000800401a        0xe Core/Src/stm32l4xx_it.o
                0x000000000800401a                PendSV_Handler
 .text.SysTick_Handler
                0x0000000008004028        0xc Core/Src/stm32l4xx_it.o
                0x0000000008004028                SysTick_Handler
 .text.EXTI1_IRQHandler
                0x0000000008004034        0xe Core/Src/stm32l4xx_it.o
                0x0000000008004034                EXTI1_IRQHandler
 .text.EXTI9_5_IRQHandler
                0x0000000008004042       0x22 Core/Src/stm32l4xx_it.o
                0x0000000008004042                EXTI9_5_IRQHandler
 .text.TIM1_UP_TIM16_IRQHandler
                0x0000000008004064       0x14 Core/Src/stm32l4xx_it.o
                0x0000000008004064                TIM1_UP_TIM16_IRQHandler
 .text.EXTI15_10_IRQHandler
                0x0000000008004078       0x30 Core/Src/stm32l4xx_it.o
                0x0000000008004078                EXTI15_10_IRQHandler
 .text._read    0x00000000080040a8       0x3a Core/Src/syscalls.o
                0x00000000080040a8                _read
 .text._write   0x00000000080040e2       0x38 Core/Src/syscalls.o
                0x00000000080040e2                _write
 .text._close   0x000000000800411a       0x18 Core/Src/syscalls.o
                0x000000000800411a                _close
 .text._fstat   0x0000000008004132       0x20 Core/Src/syscalls.o
                0x0000000008004132                _fstat
 .text._isatty  0x0000000008004152       0x16 Core/Src/syscalls.o
                0x0000000008004152                _isatty
 .text._lseek   0x0000000008004168       0x1a Core/Src/syscalls.o
                0x0000000008004168                _lseek
 *fill*         0x0000000008004182        0x2 
 .text._sbrk    0x0000000008004184       0x6c Core/Src/sysmem.o
                0x0000000008004184                _sbrk
 .text.SystemInit
                0x00000000080041f0       0x6c Core/Src/system_stm32l4xx.o
                0x00000000080041f0                SystemInit
 .text.WIFI_Init
                0x000000000800425c       0x58 Core/Src/wifi.o
                0x000000000800425c                WIFI_Init
 .text.WIFI_Connect
                0x00000000080042b4       0x44 Core/Src/wifi.o
                0x00000000080042b4                WIFI_Connect
 .text.WIFI_GetMAC_Address
                0x00000000080042f8       0x2c Core/Src/wifi.o
                0x00000000080042f8                WIFI_GetMAC_Address
 .text.WIFI_GetIP_Address
                0x0000000008004324       0x38 Core/Src/wifi.o
                0x0000000008004324                WIFI_GetIP_Address
 .text.WIFI_StartServer
                0x000000000800435c       0x60 Core/Src/wifi.o
                0x000000000800435c                WIFI_StartServer
 .text.WIFI_WaitServerConnection
                0x00000000080043bc       0x88 Core/Src/wifi.o
                0x00000000080043bc                WIFI_WaitServerConnection
 .text.WIFI_CloseServerConnection
                0x0000000008004444       0x2c Core/Src/wifi.o
                0x0000000008004444                WIFI_CloseServerConnection
 .text.WIFI_StopServer
                0x0000000008004470       0x30 Core/Src/wifi.o
                0x0000000008004470                WIFI_StopServer
 .text.WIFI_SendData
                0x00000000080044a0       0x44 Core/Src/wifi.o
                0x00000000080044a0                WIFI_SendData
 .text.WIFI_ReceiveData
                0x00000000080044e4       0x44 Core/Src/wifi.o
                0x00000000080044e4                WIFI_ReceiveData
 .text.VL53L0X_GetOffsetCalibrationDataMicroMeter
                0x0000000008004528       0x26 Core/Src/vl53l0x/vl53l0x_api.o
                0x0000000008004528                VL53L0X_GetOffsetCalibrationDataMicroMeter
 *fill*         0x000000000800454e        0x2 
 .text.VL53L0X_DataInit
                0x0000000008004550      0x214 Core/Src/vl53l0x/vl53l0x_api.o
                0x0000000008004550                VL53L0X_DataInit
 .text.VL53L0X_GetDeviceParameters
                0x0000000008004764      0x120 Core/Src/vl53l0x/vl53l0x_api.o
                0x0000000008004764                VL53L0X_GetDeviceParameters
 .text.VL53L0X_SetDeviceMode
                0x0000000008004884       0x90 Core/Src/vl53l0x/vl53l0x_api.o
                0x0000000008004884                VL53L0X_SetDeviceMode
 .text.VL53L0X_GetDeviceMode
                0x0000000008004914       0x26 Core/Src/vl53l0x/vl53l0x_api.o
                0x0000000008004914                VL53L0X_GetDeviceMode
 .text.VL53L0X_GetMeasurementTimingBudgetMicroSeconds
                0x000000000800493a       0x26 Core/Src/vl53l0x/vl53l0x_api.o
                0x000000000800493a                VL53L0X_GetMeasurementTimingBudgetMicroSeconds
 .text.VL53L0X_GetVcselPulsePeriod
                0x0000000008004960       0x2e Core/Src/vl53l0x/vl53l0x_api.o
                0x0000000008004960                VL53L0X_GetVcselPulsePeriod
 *fill*         0x000000000800498e        0x2 
 .text.sequence_step_enabled
                0x0000000008004990       0xa4 Core/Src/vl53l0x/vl53l0x_api.o
                0x0000000008004990                sequence_step_enabled
 .text.VL53L0X_GetSequenceStepEnables
                0x0000000008004a34       0xb0 Core/Src/vl53l0x/vl53l0x_api.o
                0x0000000008004a34                VL53L0X_GetSequenceStepEnables
 .text.VL53L0X_GetInterMeasurementPeriodMilliSeconds
                0x0000000008004ae4       0x68 Core/Src/vl53l0x/vl53l0x_api.o
                0x0000000008004ae4                VL53L0X_GetInterMeasurementPeriodMilliSeconds
 .text.VL53L0X_GetXTalkCompensationEnable
                0x0000000008004b4c       0x2a Core/Src/vl53l0x/vl53l0x_api.o
                0x0000000008004b4c                VL53L0X_GetXTalkCompensationEnable
 .text.VL53L0X_GetXTalkCompensationRateMegaCps
                0x0000000008004b76       0x66 Core/Src/vl53l0x/vl53l0x_api.o
                0x0000000008004b76                VL53L0X_GetXTalkCompensationRateMegaCps
 .text.VL53L0X_SetLimitCheckEnable
                0x0000000008004bdc      0x118 Core/Src/vl53l0x/vl53l0x_api.o
                0x0000000008004bdc                VL53L0X_SetLimitCheckEnable
 .text.VL53L0X_GetLimitCheckEnable
                0x0000000008004cf4       0x46 Core/Src/vl53l0x/vl53l0x_api.o
                0x0000000008004cf4                VL53L0X_GetLimitCheckEnable
 *fill*         0x0000000008004d3a        0x2 
 .text.VL53L0X_SetLimitCheckValue
                0x0000000008004d3c       0xc4 Core/Src/vl53l0x/vl53l0x_api.o
                0x0000000008004d3c                VL53L0X_SetLimitCheckValue
 .text.VL53L0X_GetLimitCheckValue
                0x0000000008004e00      0x11c Core/Src/vl53l0x/vl53l0x_api.o
                0x0000000008004e00                VL53L0X_GetLimitCheckValue
 .text.VL53L0X_GetWrapAroundCheckEnable
                0x0000000008004f1c       0x64 Core/Src/vl53l0x/vl53l0x_api.o
                0x0000000008004f1c                VL53L0X_GetWrapAroundCheckEnable
 .text.VL53L0X_PerformSingleMeasurement
                0x0000000008004f80       0x68 Core/Src/vl53l0x/vl53l0x_api.o
                0x0000000008004f80                VL53L0X_PerformSingleMeasurement
 .text.VL53L0X_CheckAndLoadInterruptSettings
                0x0000000008004fe8       0xcc Core/Src/vl53l0x/vl53l0x_api.o
                0x0000000008004fe8                VL53L0X_CheckAndLoadInterruptSettings
 .text.VL53L0X_StartMeasurement
                0x00000000080050b4      0x112 Core/Src/vl53l0x/vl53l0x_api.o
                0x00000000080050b4                VL53L0X_StartMeasurement
 .text.VL53L0X_GetMeasurementDataReady
                0x00000000080051c6       0x80 Core/Src/vl53l0x/vl53l0x_api.o
                0x00000000080051c6                VL53L0X_GetMeasurementDataReady
 *fill*         0x0000000008005246        0x2 
 .text.VL53L0X_GetRangingMeasurementData
                0x0000000008005248      0x24c Core/Src/vl53l0x/vl53l0x_api.o
                0x0000000008005248                VL53L0X_GetRangingMeasurementData
 .text.VL53L0X_PerformSingleRangingMeasurement
                0x0000000008005494       0x60 Core/Src/vl53l0x/vl53l0x_api.o
                0x0000000008005494                VL53L0X_PerformSingleRangingMeasurement
 .text.VL53L0X_GetInterruptThresholds
                0x00000000080054f4       0x6c Core/Src/vl53l0x/vl53l0x_api.o
                0x00000000080054f4                VL53L0X_GetInterruptThresholds
 .text.VL53L0X_ClearInterruptMask
                0x0000000008005560       0x80 Core/Src/vl53l0x/vl53l0x_api.o
                0x0000000008005560                VL53L0X_ClearInterruptMask
 .text.VL53L0X_GetInterruptMaskStatus
                0x00000000080055e0       0x44 Core/Src/vl53l0x/vl53l0x_api.o
                0x00000000080055e0                VL53L0X_GetInterruptMaskStatus
 .text.VL53L0X_get_offset_calibration_data_micro_meter
                0x0000000008005624       0x7e Core/Src/vl53l0x/vl53l0x_api_calibration.o
                0x0000000008005624                VL53L0X_get_offset_calibration_data_micro_meter
 .text.VL53L0X_measurement_poll_for_completion
                0x00000000080056a2       0x5e Core/Src/vl53l0x/vl53l0x_api_core.o
                0x00000000080056a2                VL53L0X_measurement_poll_for_completion
 .text.VL53L0X_decode_vcsel_period
                0x0000000008005700       0x26 Core/Src/vl53l0x/vl53l0x_api_core.o
                0x0000000008005700                VL53L0X_decode_vcsel_period
 .text.VL53L0X_isqrt
                0x0000000008005726       0x68 Core/Src/vl53l0x/vl53l0x_api_core.o
                0x0000000008005726                VL53L0X_isqrt
 .text.VL53L0X_calc_macro_period_ps
                0x000000000800578e       0x3a Core/Src/vl53l0x/vl53l0x_api_core.o
                0x000000000800578e                VL53L0X_calc_macro_period_ps
 .text.VL53L0X_decode_timeout
                0x00000000080057c8       0x2c Core/Src/vl53l0x/vl53l0x_api_core.o
                0x00000000080057c8                VL53L0X_decode_timeout
 .text.VL53L0X_calc_timeout_mclks
                0x00000000080057f4       0x54 Core/Src/vl53l0x/vl53l0x_api_core.o
                0x00000000080057f4                VL53L0X_calc_timeout_mclks
 .text.VL53L0X_calc_timeout_us
                0x0000000008005848       0x58 Core/Src/vl53l0x/vl53l0x_api_core.o
                0x0000000008005848                VL53L0X_calc_timeout_us
 .text.get_sequence_step_timeout
                0x00000000080058a0      0x1c2 Core/Src/vl53l0x/vl53l0x_api_core.o
                0x00000000080058a0                get_sequence_step_timeout
 .text.VL53L0X_get_vcsel_pulse_period
                0x0000000008005a62       0x6e Core/Src/vl53l0x/vl53l0x_api_core.o
                0x0000000008005a62                VL53L0X_get_vcsel_pulse_period
 .text.VL53L0X_get_measurement_timing_budget_micro_seconds
                0x0000000008005ad0      0x162 Core/Src/vl53l0x/vl53l0x_api_core.o
                0x0000000008005ad0                VL53L0X_get_measurement_timing_budget_micro_seconds
 *fill*         0x0000000008005c32        0x2 
 .text.VL53L0X_load_tuning_settings
                0x0000000008005c34      0x1c4 Core/Src/vl53l0x/vl53l0x_api_core.o
                0x0000000008005c34                VL53L0X_load_tuning_settings
 .text.VL53L0X_get_total_xtalk_rate
                0x0000000008005df8       0x5e Core/Src/vl53l0x/vl53l0x_api_core.o
                0x0000000008005df8                VL53L0X_get_total_xtalk_rate
 .text.VL53L0X_get_total_signal_rate
                0x0000000008005e56       0x4a Core/Src/vl53l0x/vl53l0x_api_core.o
                0x0000000008005e56                VL53L0X_get_total_signal_rate
 .text.VL53L0X_calc_dmax
                0x0000000008005ea0      0x240 Core/Src/vl53l0x/vl53l0x_api_core.o
                0x0000000008005ea0                VL53L0X_calc_dmax
 .text.VL53L0X_calc_sigma_estimate
                0x00000000080060e0      0x430 Core/Src/vl53l0x/vl53l0x_api_core.o
                0x00000000080060e0                VL53L0X_calc_sigma_estimate
 .text.VL53L0X_get_pal_range_status
                0x0000000008006510      0x3b6 Core/Src/vl53l0x/vl53l0x_api_core.o
                0x0000000008006510                VL53L0X_get_pal_range_status
 .text._I2CWrite
                0x00000000080068c6       0x3e Core/Src/vl53l0x/vl53l0x_tof.o
                0x00000000080068c6                _I2CWrite
 .text._I2CRead
                0x0000000008006904       0x44 Core/Src/vl53l0x/vl53l0x_tof.o
                0x0000000008006904                _I2CRead
 .text.VL53L0X_RdByte
                0x0000000008006948       0x54 Core/Src/vl53l0x/vl53l0x_tof.o
                0x0000000008006948                VL53L0X_RdByte
 .text.VL53L0X_WriteMulti
                0x000000000800699c       0x60 Core/Src/vl53l0x/vl53l0x_tof.o
                0x000000000800699c                VL53L0X_WriteMulti
 .text.VL53L0X_ReadMulti
                0x00000000080069fc       0x56 Core/Src/vl53l0x/vl53l0x_tof.o
                0x00000000080069fc                VL53L0X_ReadMulti
 *fill*         0x0000000008006a52        0x2 
 .text.VL53L0X_RdWord
                0x0000000008006a54       0x70 Core/Src/vl53l0x/vl53l0x_tof.o
                0x0000000008006a54                VL53L0X_RdWord
 .text.VL53L0X_RdDWord
                0x0000000008006ac4       0x78 Core/Src/vl53l0x/vl53l0x_tof.o
                0x0000000008006ac4                VL53L0X_RdDWord
 .text.VL53L0X_WrByte
                0x0000000008006b3c       0x48 Core/Src/vl53l0x/vl53l0x_tof.o
                0x0000000008006b3c                VL53L0X_WrByte
 .text.VL53L0X_WrWord
                0x0000000008006b84       0x54 Core/Src/vl53l0x/vl53l0x_tof.o
                0x0000000008006b84                VL53L0X_WrWord
 .text.VL53L0X_UpdateByte
                0x0000000008006bd8       0x68 Core/Src/vl53l0x/vl53l0x_tof.o
                0x0000000008006bd8                VL53L0X_UpdateByte
 .text.VL53L0X_PollingDelay
                0x0000000008006c40       0x1e Core/Src/vl53l0x/vl53l0x_tof.o
                0x0000000008006c40                VL53L0X_PollingDelay
 *fill*         0x0000000008006c5e        0x2 
 .text.Reset_Handler
                0x0000000008006c60       0x50 Core/Startup/startup_stm32l475vgtx.o
                0x0000000008006c60                Reset_Handler
 .text.Default_Handler
                0x0000000008006cb0        0x2 Core/Startup/startup_stm32l475vgtx.o
                0x0000000008006cb0                RTC_Alarm_IRQHandler
                0x0000000008006cb0                EXTI2_IRQHandler
                0x0000000008006cb0                TIM8_TRG_COM_IRQHandler
                0x0000000008006cb0                TIM8_CC_IRQHandler
                0x0000000008006cb0                TIM1_CC_IRQHandler
                0x0000000008006cb0                TSC_IRQHandler
                0x0000000008006cb0                TAMP_STAMP_IRQHandler
                0x0000000008006cb0                EXTI3_IRQHandler
                0x0000000008006cb0                LPTIM2_IRQHandler
                0x0000000008006cb0                DFSDM1_FLT1_IRQHandler
                0x0000000008006cb0                I2C3_ER_IRQHandler
                0x0000000008006cb0                DFSDM1_FLT2_IRQHandler
                0x0000000008006cb0                EXTI0_IRQHandler
                0x0000000008006cb0                I2C2_EV_IRQHandler
                0x0000000008006cb0                CAN1_RX0_IRQHandler
                0x0000000008006cb0                FPU_IRQHandler
                0x0000000008006cb0                ADC1_2_IRQHandler
                0x0000000008006cb0                SPI1_IRQHandler
                0x0000000008006cb0                TIM6_DAC_IRQHandler
                0x0000000008006cb0                TIM8_UP_IRQHandler
                0x0000000008006cb0                DMA2_Channel2_IRQHandler
                0x0000000008006cb0                DMA1_Channel4_IRQHandler
                0x0000000008006cb0                SAI2_IRQHandler
                0x0000000008006cb0                DFSDM1_FLT3_IRQHandler
                0x0000000008006cb0                USART3_IRQHandler
                0x0000000008006cb0                DMA1_Channel7_IRQHandler
                0x0000000008006cb0                CAN1_RX1_IRQHandler
                0x0000000008006cb0                UART5_IRQHandler
                0x0000000008006cb0                ADC3_IRQHandler
                0x0000000008006cb0                TIM4_IRQHandler
                0x0000000008006cb0                DMA2_Channel1_IRQHandler
                0x0000000008006cb0                QUADSPI_IRQHandler
                0x0000000008006cb0                I2C1_EV_IRQHandler
                0x0000000008006cb0                DMA1_Channel6_IRQHandler
                0x0000000008006cb0                UART4_IRQHandler
                0x0000000008006cb0                DMA2_Channel4_IRQHandler
                0x0000000008006cb0                TIM3_IRQHandler
                0x0000000008006cb0                RCC_IRQHandler
                0x0000000008006cb0                DMA1_Channel1_IRQHandler
                0x0000000008006cb0                Default_Handler
                0x0000000008006cb0                DMA2_Channel7_IRQHandler
                0x0000000008006cb0                TIM7_IRQHandler
                0x0000000008006cb0                SDMMC1_IRQHandler
                0x0000000008006cb0                TIM5_IRQHandler
                0x0000000008006cb0                I2C3_EV_IRQHandler
                0x0000000008006cb0                RTC_WKUP_IRQHandler
                0x0000000008006cb0                PVD_PVM_IRQHandler
                0x0000000008006cb0                SPI2_IRQHandler
                0x0000000008006cb0                CAN1_TX_IRQHandler
                0x0000000008006cb0                DMA2_Channel5_IRQHandler
                0x0000000008006cb0                DMA1_Channel5_IRQHandler
                0x0000000008006cb0                EXTI4_IRQHandler
                0x0000000008006cb0                RNG_IRQHandler
                0x0000000008006cb0                TIM1_TRG_COM_TIM17_IRQHandler
                0x0000000008006cb0                DMA1_Channel3_IRQHandler
                0x0000000008006cb0                COMP_IRQHandler
                0x0000000008006cb0                WWDG_IRQHandler
                0x0000000008006cb0                LPUART1_IRQHandler
                0x0000000008006cb0                DMA2_Channel6_IRQHandler
                0x0000000008006cb0                TIM2_IRQHandler
                0x0000000008006cb0                USART2_IRQHandler
                0x0000000008006cb0                DFSDM1_FLT0_IRQHandler
                0x0000000008006cb0                I2C2_ER_IRQHandler
                0x0000000008006cb0                DMA1_Channel2_IRQHandler
                0x0000000008006cb0                TIM8_BRK_IRQHandler
                0x0000000008006cb0                CAN1_SCE_IRQHandler
                0x0000000008006cb0                FLASH_IRQHandler
                0x0000000008006cb0                USART1_IRQHandler
                0x0000000008006cb0                OTG_FS_IRQHandler
                0x0000000008006cb0                I2C1_ER_IRQHandler
                0x0000000008006cb0                FMC_IRQHandler
                0x0000000008006cb0                SWPMI1_IRQHandler
                0x0000000008006cb0                LPTIM1_IRQHandler
                0x0000000008006cb0                SAI1_IRQHandler
                0x0000000008006cb0                DMA2_Channel3_IRQHandler
                0x0000000008006cb0                TIM1_BRK_TIM15_IRQHandler
 .text.HAL_Init
                0x0000000008006cb2       0x30 Drivers/STM32L4xx_HAL_Driver/Src/stm32l4xx_hal.o
                0x0000000008006cb2                HAL_Init
 *fill*         0x0000000008006ce2        0x2 
 .text.HAL_InitTick
                0x0000000008006ce4       0x78 Drivers/STM32L4xx_HAL_Driver/Src/stm32l4xx_hal.o
                0x0000000008006ce4                HAL_InitTick
 .text.HAL_IncTick
                0x0000000008006d5c       0x28 Drivers/STM32L4xx_HAL_Driver/Src/stm32l4xx_hal.o
                0x0000000008006d5c                HAL_IncTick
 .text.HAL_GetTick
                0x0000000008006d84       0x18 Drivers/STM32L4xx_HAL_Driver/Src/stm32l4xx_hal.o
                0x0000000008006d84                HAL_GetTick
 .text.HAL_Delay
                0x0000000008006d9c       0x44 Drivers/STM32L4xx_HAL_Driver/Src/stm32l4xx_hal.o
                0x0000000008006d9c                HAL_Delay
 .text.__NVIC_SetPriorityGrouping
                0x0000000008006de0       0x48 Drivers/STM32L4xx_HAL_Driver/Src/stm32l4xx_hal_cortex.o
 .text.__NVIC_GetPriorityGrouping
                0x0000000008006e28       0x1c Drivers/STM32L4xx_HAL_Driver/Src/stm32l4xx_hal_cortex.o
 .text.__NVIC_EnableIRQ
                0x0000000008006e44       0x3c Drivers/STM32L4xx_HAL_Driver/Src/stm32l4xx_hal_cortex.o
 .text.__NVIC_SetPriority
                0x0000000008006e80       0x54 Drivers/STM32L4xx_HAL_Driver/Src/stm32l4xx_hal_cortex.o
 .text.NVIC_EncodePriority
                0x0000000008006ed4       0x66 Drivers/STM32L4xx_HAL_Driver/Src/stm32l4xx_hal_cortex.o
 *fill*         0x0000000008006f3a        0x2 
 .text.SysTick_Config
                0x0000000008006f3c       0x44 Drivers/STM32L4xx_HAL_Driver/Src/stm32l4xx_hal_cortex.o
 .text.HAL_NVIC_SetPriorityGrouping
                0x0000000008006f80       0x16 Drivers/STM32L4xx_HAL_Driver/Src/stm32l4xx_hal_cortex.o
                0x0000000008006f80                HAL_NVIC_SetPriorityGrouping
 .text.HAL_NVIC_SetPriority
                0x0000000008006f96       0x38 Drivers/STM32L4xx_HAL_Driver/Src/stm32l4xx_hal_cortex.o
                0x0000000008006f96                HAL_NVIC_SetPriority
 .text.HAL_NVIC_EnableIRQ
                0x0000000008006fce       0x1c Drivers/STM32L4xx_HAL_Driver/Src/stm32l4xx_hal_cortex.o
                0x0000000008006fce                HAL_NVIC_EnableIRQ
 .text.HAL_SYSTICK_Config
                0x0000000008006fea       0x18 Drivers/STM32L4xx_HAL_Driver/Src/stm32l4xx_hal_cortex.o
                0x0000000008006fea                HAL_SYSTICK_Config
 .text.HAL_DMA_Abort_IT
                0x0000000008007002       0x82 Drivers/STM32L4xx_HAL_Driver/Src/stm32l4xx_hal_dma.o
                0x0000000008007002                HAL_DMA_Abort_IT
 .text.HAL_GPIO_Init
                0x0000000008007084      0x350 Drivers/STM32L4xx_HAL_Driver/Src/stm32l4xx_hal_gpio.o
                0x0000000008007084                HAL_GPIO_Init
 .text.HAL_GPIO_ReadPin
                0x00000000080073d4       0x30 Drivers/STM32L4xx_HAL_Driver/Src/stm32l4xx_hal_gpio.o
                0x00000000080073d4                HAL_GPIO_ReadPin
 .text.HAL_GPIO_WritePin
                0x0000000008007404       0x30 Drivers/STM32L4xx_HAL_Driver/Src/stm32l4xx_hal_gpio.o
                0x0000000008007404                HAL_GPIO_WritePin
 .text.HAL_GPIO_TogglePin
                0x0000000008007434       0x34 Drivers/STM32L4xx_HAL_Driver/Src/stm32l4xx_hal_gpio.o
                0x0000000008007434                HAL_GPIO_TogglePin
 .text.HAL_GPIO_EXTI_IRQHandler
                0x0000000008007468       0x30 Drivers/STM32L4xx_HAL_Driver/Src/stm32l4xx_hal_gpio.o
                0x0000000008007468                HAL_GPIO_EXTI_IRQHandler
 .text.HAL_I2C_Init
                0x0000000008007498      0x11e Drivers/STM32L4xx_HAL_Driver/Src/stm32l4xx_hal_i2c.o
                0x0000000008007498                HAL_I2C_Init
 .text.HAL_I2C_DeInit
                0x00000000080075b6       0x5e Drivers/STM32L4xx_HAL_Driver/Src/stm32l4xx_hal_i2c.o
                0x00000000080075b6                HAL_I2C_DeInit
 .text.HAL_I2C_MspInit
                0x0000000008007614       0x14 Drivers/STM32L4xx_HAL_Driver/Src/stm32l4xx_hal_i2c.o
                0x0000000008007614                HAL_I2C_MspInit
 .text.HAL_I2C_MspDeInit
                0x0000000008007628       0x14 Drivers/STM32L4xx_HAL_Driver/Src/stm32l4xx_hal_i2c.o
                0x0000000008007628                HAL_I2C_MspDeInit
 .text.HAL_I2C_Master_Transmit
                0x000000000800763c      0x1e8 Drivers/STM32L4xx_HAL_Driver/Src/stm32l4xx_hal_i2c.o
                0x000000000800763c                HAL_I2C_Master_Transmit
 .text.HAL_I2C_Master_Receive
                0x0000000008007824      0x1ec Drivers/STM32L4xx_HAL_Driver/Src/stm32l4xx_hal_i2c.o
                0x0000000008007824                HAL_I2C_Master_Receive
 .text.HAL_I2C_Mem_Write
                0x0000000008007a10      0x228 Drivers/STM32L4xx_HAL_Driver/Src/stm32l4xx_hal_i2c.o
                0x0000000008007a10                HAL_I2C_Mem_Write
 .text.HAL_I2C_Mem_Read
                0x0000000008007c38      0x234 Drivers/STM32L4xx_HAL_Driver/Src/stm32l4xx_hal_i2c.o
                0x0000000008007c38                HAL_I2C_Mem_Read
 .text.I2C_RequestMemoryWrite
                0x0000000008007e6c       0xa8 Drivers/STM32L4xx_HAL_Driver/Src/stm32l4xx_hal_i2c.o
 .text.I2C_RequestMemoryRead
                0x0000000008007f14       0xa8 Drivers/STM32L4xx_HAL_Driver/Src/stm32l4xx_hal_i2c.o
 .text.I2C_Flush_TXDR
                0x0000000008007fbc       0x48 Drivers/STM32L4xx_HAL_Driver/Src/stm32l4xx_hal_i2c.o
 .text.I2C_WaitOnFlagUntilTimeout
                0x0000000008008004       0x80 Drivers/STM32L4xx_HAL_Driver/Src/stm32l4xx_hal_i2c.o
 .text.I2C_WaitOnTXISFlagUntilTimeout
                0x0000000008008084       0x80 Drivers/STM32L4xx_HAL_Driver/Src/stm32l4xx_hal_i2c.o
 .text.I2C_WaitOnSTOPFlagUntilTimeout
                0x0000000008008104       0x78 Drivers/STM32L4xx_HAL_Driver/Src/stm32l4xx_hal_i2c.o
 .text.I2C_WaitOnRXNEFlagUntilTimeout
                0x000000000800817c       0xd8 Drivers/STM32L4xx_HAL_Driver/Src/stm32l4xx_hal_i2c.o
 .text.I2C_IsAcknowledgeFailed
                0x0000000008008254       0xcc Drivers/STM32L4xx_HAL_Driver/Src/stm32l4xx_hal_i2c.o
 .text.I2C_TransferConfig
                0x0000000008008320       0x5c Drivers/STM32L4xx_HAL_Driver/Src/stm32l4xx_hal_i2c.o
 .text.HAL_I2CEx_ConfigAnalogFilter
                0x000000000800837c       0x96 Drivers/STM32L4xx_HAL_Driver/Src/stm32l4xx_hal_i2c_ex.o
                0x000000000800837c                HAL_I2CEx_ConfigAnalogFilter
 *fill*         0x0000000008008412        0x2 
 .text.HAL_PWREx_GetVoltageRange
                0x0000000008008414       0x1c Drivers/STM32L4xx_HAL_Driver/Src/stm32l4xx_hal_pwr_ex.o
                0x0000000008008414                HAL_PWREx_GetVoltageRange
 .text.HAL_PWREx_ControlVoltageScaling
                0x0000000008008430       0xac Drivers/STM32L4xx_HAL_Driver/Src/stm32l4xx_hal_pwr_ex.o
                0x0000000008008430                HAL_PWREx_ControlVoltageScaling
 .text.HAL_RCC_OscConfig
                0x00000000080084dc      0x7cc Drivers/STM32L4xx_HAL_Driver/Src/stm32l4xx_hal_rcc.o
                0x00000000080084dc                HAL_RCC_OscConfig
 .text.HAL_RCC_ClockConfig
                0x0000000008008ca8      0x1c4 Drivers/STM32L4xx_HAL_Driver/Src/stm32l4xx_hal_rcc.o
                0x0000000008008ca8                HAL_RCC_ClockConfig
 .text.HAL_RCC_GetSysClockFreq
                0x0000000008008e6c      0x114 Drivers/STM32L4xx_HAL_Driver/Src/stm32l4xx_hal_rcc.o
                0x0000000008008e6c                HAL_RCC_GetSysClockFreq
 .text.HAL_RCC_GetHCLKFreq
                0x0000000008008f80       0x18 Drivers/STM32L4xx_HAL_Driver/Src/stm32l4xx_hal_rcc.o
                0x0000000008008f80                HAL_RCC_GetHCLKFreq
 .text.HAL_RCC_GetPCLK1Freq
                0x0000000008008f98       0x2c Drivers/STM32L4xx_HAL_Driver/Src/stm32l4xx_hal_rcc.o
                0x0000000008008f98                HAL_RCC_GetPCLK1Freq
 .text.HAL_RCC_GetPCLK2Freq
                0x0000000008008fc4       0x2c Drivers/STM32L4xx_HAL_Driver/Src/stm32l4xx_hal_rcc.o
                0x0000000008008fc4                HAL_RCC_GetPCLK2Freq
 .text.RCC_SetFlashLatencyFromMSIRange
                0x0000000008008ff0       0xc0 Drivers/STM32L4xx_HAL_Driver/Src/stm32l4xx_hal_rcc.o
 .text.HAL_RCCEx_PeriphCLKConfig
                0x00000000080090b0      0x5cc Drivers/STM32L4xx_HAL_Driver/Src/stm32l4xx_hal_rcc_ex.o
                0x00000000080090b0                HAL_RCCEx_PeriphCLKConfig
 .text.RCCEx_PLLSAI1_Config
                0x000000000800967c      0x1e0 Drivers/STM32L4xx_HAL_Driver/Src/stm32l4xx_hal_rcc_ex.o
 .text.RCCEx_PLLSAI2_Config
                0x000000000800985c      0x1b4 Drivers/STM32L4xx_HAL_Driver/Src/stm32l4xx_hal_rcc_ex.o
 .text.HAL_SPI_Init
                0x0000000008009a10      0x114 Drivers/STM32L4xx_HAL_Driver/Src/stm32l4xx_hal_spi.o
                0x0000000008009a10                HAL_SPI_Init
 .text.HAL_SPI_DeInit
                0x0000000008009b24       0x50 Drivers/STM32L4xx_HAL_Driver/Src/stm32l4xx_hal_spi.o
                0x0000000008009b24                HAL_SPI_DeInit
 .text.HAL_SPI_MspInit
                0x0000000008009b74       0x14 Drivers/STM32L4xx_HAL_Driver/Src/stm32l4xx_hal_spi.o
                0x0000000008009b74                HAL_SPI_MspInit
 .text.HAL_SPI_MspDeInit
                0x0000000008009b88       0x14 Drivers/STM32L4xx_HAL_Driver/Src/stm32l4xx_hal_spi.o
                0x0000000008009b88                HAL_SPI_MspDeInit
 .text.HAL_SPI_Receive
                0x0000000008009b9c      0x250 Drivers/STM32L4xx_HAL_Driver/Src/stm32l4xx_hal_spi.o
                0x0000000008009b9c                HAL_SPI_Receive
 .text.HAL_SPI_TransmitReceive
                0x0000000008009dec      0x426 Drivers/STM32L4xx_HAL_Driver/Src/stm32l4xx_hal_spi.o
                0x0000000008009dec                HAL_SPI_TransmitReceive
 *fill*         0x000000000800a212        0x2 
 .text.HAL_SPI_Transmit_IT
                0x000000000800a214      0x10c Drivers/STM32L4xx_HAL_Driver/Src/stm32l4xx_hal_spi.o
                0x000000000800a214                HAL_SPI_Transmit_IT
 .text.HAL_SPI_Receive_IT
                0x000000000800a320      0x150 Drivers/STM32L4xx_HAL_Driver/Src/stm32l4xx_hal_spi.o
                0x000000000800a320                HAL_SPI_Receive_IT
 .text.HAL_SPI_TransmitReceive_IT
                0x000000000800a470      0x160 Drivers/STM32L4xx_HAL_Driver/Src/stm32l4xx_hal_spi.o
                0x000000000800a470                HAL_SPI_TransmitReceive_IT
 .text.HAL_SPI_IRQHandler
                0x000000000800a5d0      0x200 Drivers/STM32L4xx_HAL_Driver/Src/stm32l4xx_hal_spi.o
                0x000000000800a5d0                HAL_SPI_IRQHandler
 .text.HAL_SPI_TxRxCpltCallback
                0x000000000800a7d0       0x14 Drivers/STM32L4xx_HAL_Driver/Src/stm32l4xx_hal_spi.o
                0x000000000800a7d0                HAL_SPI_TxRxCpltCallback
 .text.HAL_SPI_ErrorCallback
                0x000000000800a7e4       0x14 Drivers/STM32L4xx_HAL_Driver/Src/stm32l4xx_hal_spi.o
                0x000000000800a7e4                HAL_SPI_ErrorCallback
 .text.SPI_DMAAbortOnError
                0x000000000800a7f8       0x2a Drivers/STM32L4xx_HAL_Driver/Src/stm32l4xx_hal_spi.o
 .text.SPI_2linesRxISR_8BIT
                0x000000000800a822       0xbe Drivers/STM32L4xx_HAL_Driver/Src/stm32l4xx_hal_spi.o
 .text.SPI_2linesTxISR_8BIT
                0x000000000800a8e0       0x92 Drivers/STM32L4xx_HAL_Driver/Src/stm32l4xx_hal_spi.o
 .text.SPI_2linesRxISR_16BIT
                0x000000000800a972       0x66 Drivers/STM32L4xx_HAL_Driver/Src/stm32l4xx_hal_spi.o
 .text.SPI_2linesTxISR_16BIT
                0x000000000800a9d8       0x60 Drivers/STM32L4xx_HAL_Driver/Src/stm32l4xx_hal_spi.o
 .text.SPI_RxISR_8BIT
                0x000000000800aa38       0x50 Drivers/STM32L4xx_HAL_Driver/Src/stm32l4xx_hal_spi.o
 .text.SPI_RxISR_16BIT
                0x000000000800aa88       0x4c Drivers/STM32L4xx_HAL_Driver/Src/stm32l4xx_hal_spi.o
 .text.SPI_TxISR_8BIT
                0x000000000800aad4       0x46 Drivers/STM32L4xx_HAL_Driver/Src/stm32l4xx_hal_spi.o
 .text.SPI_TxISR_16BIT
                0x000000000800ab1a       0x44 Drivers/STM32L4xx_HAL_Driver/Src/stm32l4xx_hal_spi.o
 .text.SPI_WaitFlagStateUntilTimeout
                0x000000000800ab5e       0xd4 Drivers/STM32L4xx_HAL_Driver/Src/stm32l4xx_hal_spi.o
 .text.SPI_WaitFifoStateUntilTimeout
                0x000000000800ac32       0xda Drivers/STM32L4xx_HAL_Driver/Src/stm32l4xx_hal_spi.o
 .text.SPI_EndRxTransaction
                0x000000000800ad0c       0xb0 Drivers/STM32L4xx_HAL_Driver/Src/stm32l4xx_hal_spi.o
 .text.SPI_EndRxTxTransaction
                0x000000000800adbc       0x8c Drivers/STM32L4xx_HAL_Driver/Src/stm32l4xx_hal_spi.o
 .text.SPI_CloseRxTx_ISR
                0x000000000800ae48       0x84 Drivers/STM32L4xx_HAL_Driver/Src/stm32l4xx_hal_spi.o
 .text.SPI_CloseRx_ISR
                0x000000000800aecc       0x60 Drivers/STM32L4xx_HAL_Driver/Src/stm32l4xx_hal_spi.o
 .text.SPI_CloseTx_ISR
                0x000000000800af2c       0x7e Drivers/STM32L4xx_HAL_Driver/Src/stm32l4xx_hal_spi.o
 .text.HAL_TIM_Base_Init
                0x000000000800afaa       0xae Drivers/STM32L4xx_HAL_Driver/Src/stm32l4xx_hal_tim.o
                0x000000000800afaa                HAL_TIM_Base_Init
 .text.HAL_TIM_Base_Start
                0x000000000800b058       0xd0 Drivers/STM32L4xx_HAL_Driver/Src/stm32l4xx_hal_tim.o
                0x000000000800b058                HAL_TIM_Base_Start
 .text.HAL_TIM_IRQHandler
                0x000000000800b128      0x23e Drivers/STM32L4xx_HAL_Driver/Src/stm32l4xx_hal_tim.o
                0x000000000800b128                HAL_TIM_IRQHandler
 .text.HAL_TIM_OC_DelayElapsedCallback
                0x000000000800b366       0x14 Drivers/STM32L4xx_HAL_Driver/Src/stm32l4xx_hal_tim.o
                0x000000000800b366                HAL_TIM_OC_DelayElapsedCallback
 .text.HAL_TIM_IC_CaptureCallback
                0x000000000800b37a       0x14 Drivers/STM32L4xx_HAL_Driver/Src/stm32l4xx_hal_tim.o
                0x000000000800b37a                HAL_TIM_IC_CaptureCallback
 .text.HAL_TIM_PWM_PulseFinishedCallback
                0x000000000800b38e       0x14 Drivers/STM32L4xx_HAL_Driver/Src/stm32l4xx_hal_tim.o
                0x000000000800b38e                HAL_TIM_PWM_PulseFinishedCallback
 .text.HAL_TIM_TriggerCallback
                0x000000000800b3a2       0x14 Drivers/STM32L4xx_HAL_Driver/Src/stm32l4xx_hal_tim.o
                0x000000000800b3a2                HAL_TIM_TriggerCallback
 *fill*         0x000000000800b3b6        0x2 
 .text.TIM_Base_SetConfig
                0x000000000800b3b8      0x134 Drivers/STM32L4xx_HAL_Driver/Src/stm32l4xx_hal_tim.o
                0x000000000800b3b8                TIM_Base_SetConfig
 .text.HAL_TIMEx_CommutCallback
                0x000000000800b4ec       0x14 Drivers/STM32L4xx_HAL_Driver/Src/stm32l4xx_hal_tim_ex.o
                0x000000000800b4ec                HAL_TIMEx_CommutCallback
 .text.HAL_TIMEx_BreakCallback
                0x000000000800b500       0x14 Drivers/STM32L4xx_HAL_Driver/Src/stm32l4xx_hal_tim_ex.o
                0x000000000800b500                HAL_TIMEx_BreakCallback
 .text.HAL_TIMEx_Break2Callback
                0x000000000800b514       0x14 Drivers/STM32L4xx_HAL_Driver/Src/stm32l4xx_hal_tim_ex.o
                0x000000000800b514                HAL_TIMEx_Break2Callback
 .text.HAL_UART_Init
                0x000000000800b528       0x9c Drivers/STM32L4xx_HAL_Driver/Src/stm32l4xx_hal_uart.o
                0x000000000800b528                HAL_UART_Init
 .text.HAL_UART_Transmit
                0x000000000800b5c4      0x126 Drivers/STM32L4xx_HAL_Driver/Src/stm32l4xx_hal_uart.o
                0x000000000800b5c4                HAL_UART_Transmit
 *fill*         0x000000000800b6ea        0x2 
 .text.UART_SetConfig
                0x000000000800b6ec      0x514 Drivers/STM32L4xx_HAL_Driver/Src/stm32l4xx_hal_uart.o
                0x000000000800b6ec                UART_SetConfig
 .text.UART_AdvFeatureConfig
                0x000000000800bc00      0x144 Drivers/STM32L4xx_HAL_Driver/Src/stm32l4xx_hal_uart.o
                0x000000000800bc00                UART_AdvFeatureConfig
 .text.UART_CheckIdleState
                0x000000000800bd44       0x8a Drivers/STM32L4xx_HAL_Driver/Src/stm32l4xx_hal_uart.o
                0x000000000800bd44                UART_CheckIdleState
 .text.UART_WaitOnFlagUntilTimeout
                0x000000000800bdce       0xf6 Drivers/STM32L4xx_HAL_Driver/Src/stm32l4xx_hal_uart.o
                0x000000000800bdce                UART_WaitOnFlagUntilTimeout
 .text.atoi     0x000000000800bec4        0x8 c:/st/stm32cubeide_1.4.0/stm32cubeide/plugins/com.st.stm32cube.ide.mcu.externaltools.gnu-tools-for-stm32.7-2018-q2-update.win32_1.4.0.202007081208/tools/bin/../lib/gcc/arm-none-eabi/7.3.1/../../../../arm-none-eabi/lib/thumb/v7e-m/fpv4-sp/hard\libc_nano.a(lib_a-atoi.o)
                0x000000000800bec4                atoi
 .text.__errno  0x000000000800becc        0xc c:/st/stm32cubeide_1.4.0/stm32cubeide/plugins/com.st.stm32cube.ide.mcu.externaltools.gnu-tools-for-stm32.7-2018-q2-update.win32_1.4.0.202007081208/tools/bin/../lib/gcc/arm-none-eabi/7.3.1/../../../../arm-none-eabi/lib/thumb/v7e-m/fpv4-sp/hard\libc_nano.a(lib_a-errno.o)
                0x000000000800becc                __errno
 .text.__libc_init_array
                0x000000000800bed8       0x48 c:/st/stm32cubeide_1.4.0/stm32cubeide/plugins/com.st.stm32cube.ide.mcu.externaltools.gnu-tools-for-stm32.7-2018-q2-update.win32_1.4.0.202007081208/tools/bin/../lib/gcc/arm-none-eabi/7.3.1/../../../../arm-none-eabi/lib/thumb/v7e-m/fpv4-sp/hard\libc_nano.a(lib_a-init.o)
                0x000000000800bed8                __libc_init_array
 .text.memcmp   0x000000000800bf20       0x1e c:/st/stm32cubeide_1.4.0/stm32cubeide/plugins/com.st.stm32cube.ide.mcu.externaltools.gnu-tools-for-stm32.7-2018-q2-update.win32_1.4.0.202007081208/tools/bin/../lib/gcc/arm-none-eabi/7.3.1/../../../../arm-none-eabi/lib/thumb/v7e-m/fpv4-sp/hard\libc_nano.a(lib_a-memcmp.o)
                0x000000000800bf20                memcmp
 .text.memcpy   0x000000000800bf3e       0x16 c:/st/stm32cubeide_1.4.0/stm32cubeide/plugins/com.st.stm32cube.ide.mcu.externaltools.gnu-tools-for-stm32.7-2018-q2-update.win32_1.4.0.202007081208/tools/bin/../lib/gcc/arm-none-eabi/7.3.1/../../../../arm-none-eabi/lib/thumb/v7e-m/fpv4-sp/hard\libc_nano.a(lib_a-memcpy-stub.o)
                0x000000000800bf3e                memcpy
 .text.memset   0x000000000800bf54       0x10 c:/st/stm32cubeide_1.4.0/stm32cubeide/plugins/com.st.stm32cube.ide.mcu.externaltools.gnu-tools-for-stm32.7-2018-q2-update.win32_1.4.0.202007081208/tools/bin/../lib/gcc/arm-none-eabi/7.3.1/../../../../arm-none-eabi/lib/thumb/v7e-m/fpv4-sp/hard\libc_nano.a(lib_a-memset.o)
                0x000000000800bf54                memset
 .text.printf   0x000000000800bf64       0x30 c:/st/stm32cubeide_1.4.0/stm32cubeide/plugins/com.st.stm32cube.ide.mcu.externaltools.gnu-tools-for-stm32.7-2018-q2-update.win32_1.4.0.202007081208/tools/bin/../lib/gcc/arm-none-eabi/7.3.1/../../../../arm-none-eabi/lib/thumb/v7e-m/fpv4-sp/hard\libc_nano.a(lib_a-printf.o)
                0x000000000800bf64                iprintf
                0x000000000800bf64                printf
 .text._puts_r  0x000000000800bf94       0xb8 c:/st/stm32cubeide_1.4.0/stm32cubeide/plugins/com.st.stm32cube.ide.mcu.externaltools.gnu-tools-for-stm32.7-2018-q2-update.win32_1.4.0.202007081208/tools/bin/../lib/gcc/arm-none-eabi/7.3.1/../../../../arm-none-eabi/lib/thumb/v7e-m/fpv4-sp/hard\libc_nano.a(lib_a-puts.o)
                0x000000000800bf94                _puts_r
 .text.puts     0x000000000800c04c       0x10 c:/st/stm32cubeide_1.4.0/stm32cubeide/plugins/com.st.stm32cube.ide.mcu.externaltools.gnu-tools-for-stm32.7-2018-q2-update.win32_1.4.0.202007081208/tools/bin/../lib/gcc/arm-none-eabi/7.3.1/../../../../arm-none-eabi/lib/thumb/v7e-m/fpv4-sp/hard\libc_nano.a(lib_a-puts.o)
                0x000000000800c04c                puts
 .text.sprintf  0x000000000800c05c       0x40 c:/st/stm32cubeide_1.4.0/stm32cubeide/plugins/com.st.stm32cube.ide.mcu.externaltools.gnu-tools-for-stm32.7-2018-q2-update.win32_1.4.0.202007081208/tools/bin/../lib/gcc/arm-none-eabi/7.3.1/../../../../arm-none-eabi/lib/thumb/v7e-m/fpv4-sp/hard\libc_nano.a(lib_a-sprintf.o)
                0x000000000800c05c                siprintf
                0x000000000800c05c                sprintf
 .text.strcat   0x000000000800c09c       0x1e c:/st/stm32cubeide_1.4.0/stm32cubeide/plugins/com.st.stm32cube.ide.mcu.externaltools.gnu-tools-for-stm32.7-2018-q2-update.win32_1.4.0.202007081208/tools/bin/../lib/gcc/arm-none-eabi/7.3.1/../../../../arm-none-eabi/lib/thumb/v7e-m/fpv4-sp/hard\libc_nano.a(lib_a-strcat.o)
                0x000000000800c09c                strcat
 .text.strncmp  0x000000000800c0ba       0x24 c:/st/stm32cubeide_1.4.0/stm32cubeide/plugins/com.st.stm32cube.ide.mcu.externaltools.gnu-tools-for-stm32.7-2018-q2-update.win32_1.4.0.202007081208/tools/bin/../lib/gcc/arm-none-eabi/7.3.1/../../../../arm-none-eabi/lib/thumb/v7e-m/fpv4-sp/hard\libc_nano.a(lib_a-strncmp.o)
                0x000000000800c0ba                strncmp
 .text.strncpy  0x000000000800c0de       0x2a c:/st/stm32cubeide_1.4.0/stm32cubeide/plugins/com.st.stm32cube.ide.mcu.externaltools.gnu-tools-for-stm32.7-2018-q2-update.win32_1.4.0.202007081208/tools/bin/../lib/gcc/arm-none-eabi/7.3.1/../../../../arm-none-eabi/lib/thumb/v7e-m/fpv4-sp/hard\libc_nano.a(lib_a-strncpy.o)
                0x000000000800c0de                strncpy
 .text.strstr   0x000000000800c108       0x34 c:/st/stm32cubeide_1.4.0/stm32cubeide/plugins/com.st.stm32cube.ide.mcu.externaltools.gnu-tools-for-stm32.7-2018-q2-update.win32_1.4.0.202007081208/tools/bin/../lib/gcc/arm-none-eabi/7.3.1/../../../../arm-none-eabi/lib/thumb/v7e-m/fpv4-sp/hard\libc_nano.a(lib_a-strstr.o)
                0x000000000800c108                strstr
 .text.strtok   0x000000000800c13c       0x54 c:/st/stm32cubeide_1.4.0/stm32cubeide/plugins/com.st.stm32cube.ide.mcu.externaltools.gnu-tools-for-stm32.7-2018-q2-update.win32_1.4.0.202007081208/tools/bin/../lib/gcc/arm-none-eabi/7.3.1/../../../../arm-none-eabi/lib/thumb/v7e-m/fpv4-sp/hard\libc_nano.a(lib_a-strtok.o)
                0x000000000800c13c                strtok
 .text.__strtok_r
                0x000000000800c190       0x54 c:/st/stm32cubeide_1.4.0/stm32cubeide/plugins/com.st.stm32cube.ide.mcu.externaltools.gnu-tools-for-stm32.7-2018-q2-update.win32_1.4.0.202007081208/tools/bin/../lib/gcc/arm-none-eabi/7.3.1/../../../../arm-none-eabi/lib/thumb/v7e-m/fpv4-sp/hard\libc_nano.a(lib_a-strtok_r.o)
                0x000000000800c190                __strtok_r
 .text._strtol_l.isra.0
                0x000000000800c1e4       0xf6 c:/st/stm32cubeide_1.4.0/stm32cubeide/plugins/com.st.stm32cube.ide.mcu.externaltools.gnu-tools-for-stm32.7-2018-q2-update.win32_1.4.0.202007081208/tools/bin/../lib/gcc/arm-none-eabi/7.3.1/../../../../arm-none-eabi/lib/thumb/v7e-m/fpv4-sp/hard\libc_nano.a(lib_a-strtol.o)
 *fill*         0x000000000800c2da        0x2 
 .text.strtol   0x000000000800c2dc       0x2c c:/st/stm32cubeide_1.4.0/stm32cubeide/plugins/com.st.stm32cube.ide.mcu.externaltools.gnu-tools-for-stm32.7-2018-q2-update.win32_1.4.0.202007081208/tools/bin/../lib/gcc/arm-none-eabi/7.3.1/../../../../arm-none-eabi/lib/thumb/v7e-m/fpv4-sp/hard\libc_nano.a(lib_a-strtol.o)
                0x000000000800c2dc                strtol
 .text.__swbuf_r
                0x000000000800c308       0xa4 c:/st/stm32cubeide_1.4.0/stm32cubeide/plugins/com.st.stm32cube.ide.mcu.externaltools.gnu-tools-for-stm32.7-2018-q2-update.win32_1.4.0.202007081208/tools/bin/../lib/gcc/arm-none-eabi/7.3.1/../../../../arm-none-eabi/lib/thumb/v7e-m/fpv4-sp/hard\libc_nano.a(lib_a-wbuf.o)
                0x000000000800c308                __swbuf_r
 .text.__swsetup_r
                0x000000000800c3ac       0xdc c:/st/stm32cubeide_1.4.0/stm32cubeide/plugins/com.st.stm32cube.ide.mcu.externaltools.gnu-tools-for-stm32.7-2018-q2-update.win32_1.4.0.202007081208/tools/bin/../lib/gcc/arm-none-eabi/7.3.1/../../../../arm-none-eabi/lib/thumb/v7e-m/fpv4-sp/hard\libc_nano.a(lib_a-wsetup.o)
                0x000000000800c3ac                __swsetup_r
 .text.__sflush_r
                0x000000000800c488      0x10c c:/st/stm32cubeide_1.4.0/stm32cubeide/plugins/com.st.stm32cube.ide.mcu.externaltools.gnu-tools-for-stm32.7-2018-q2-update.win32_1.4.0.202007081208/tools/bin/../lib/gcc/arm-none-eabi/7.3.1/../../../../arm-none-eabi/lib/thumb/v7e-m/fpv4-sp/hard\libc_nano.a(lib_a-fflush.o)
                0x000000000800c488                __sflush_r
 .text._fflush_r
                0x000000000800c594       0x54 c:/st/stm32cubeide_1.4.0/stm32cubeide/plugins/com.st.stm32cube.ide.mcu.externaltools.gnu-tools-for-stm32.7-2018-q2-update.win32_1.4.0.202007081208/tools/bin/../lib/gcc/arm-none-eabi/7.3.1/../../../../arm-none-eabi/lib/thumb/v7e-m/fpv4-sp/hard\libc_nano.a(lib_a-fflush.o)
                0x000000000800c594                _fflush_r
 .text.std      0x000000000800c5e8       0x48 c:/st/stm32cubeide_1.4.0/stm32cubeide/plugins/com.st.stm32cube.ide.mcu.externaltools.gnu-tools-for-stm32.7-2018-q2-update.win32_1.4.0.202007081208/tools/bin/../lib/gcc/arm-none-eabi/7.3.1/../../../../arm-none-eabi/lib/thumb/v7e-m/fpv4-sp/hard\libc_nano.a(lib_a-findfp.o)
 .text._cleanup_r
                0x000000000800c630        0xc c:/st/stm32cubeide_1.4.0/stm32cubeide/plugins/com.st.stm32cube.ide.mcu.externaltools.gnu-tools-for-stm32.7-2018-q2-update.win32_1.4.0.202007081208/tools/bin/../lib/gcc/arm-none-eabi/7.3.1/../../../../arm-none-eabi/lib/thumb/v7e-m/fpv4-sp/hard\libc_nano.a(lib_a-findfp.o)
                0x000000000800c630                _cleanup_r
 .text.__sfmoreglue
                0x000000000800c63c       0x2c c:/st/stm32cubeide_1.4.0/stm32cubeide/plugins/com.st.stm32cube.ide.mcu.externaltools.gnu-tools-for-stm32.7-2018-q2-update.win32_1.4.0.202007081208/tools/bin/../lib/gcc/arm-none-eabi/7.3.1/../../../../arm-none-eabi/lib/thumb/v7e-m/fpv4-sp/hard\libc_nano.a(lib_a-findfp.o)
                0x000000000800c63c                __sfmoreglue
 .text.__sinit  0x000000000800c668       0x60 c:/st/stm32cubeide_1.4.0/stm32cubeide/plugins/com.st.stm32cube.ide.mcu.externaltools.gnu-tools-for-stm32.7-2018-q2-update.win32_1.4.0.202007081208/tools/bin/../lib/gcc/arm-none-eabi/7.3.1/../../../../arm-none-eabi/lib/thumb/v7e-m/fpv4-sp/hard\libc_nano.a(lib_a-findfp.o)
                0x000000000800c668                __sinit
 .text.__sfp    0x000000000800c6c8       0x78 c:/st/stm32cubeide_1.4.0/stm32cubeide/plugins/com.st.stm32cube.ide.mcu.externaltools.gnu-tools-for-stm32.7-2018-q2-update.win32_1.4.0.202007081208/tools/bin/../lib/gcc/arm-none-eabi/7.3.1/../../../../arm-none-eabi/lib/thumb/v7e-m/fpv4-sp/hard\libc_nano.a(lib_a-findfp.o)
                0x000000000800c6c8                __sfp
 .text._fwalk_reent
                0x000000000800c740       0x3c c:/st/stm32cubeide_1.4.0/stm32cubeide/plugins/com.st.stm32cube.ide.mcu.externaltools.gnu-tools-for-stm32.7-2018-q2-update.win32_1.4.0.202007081208/tools/bin/../lib/gcc/arm-none-eabi/7.3.1/../../../../arm-none-eabi/lib/thumb/v7e-m/fpv4-sp/hard\libc_nano.a(lib_a-fwalk.o)
                0x000000000800c740                _fwalk_reent
 .text.__locale_ctype_ptr_l
                0x000000000800c77c        0x6 c:/st/stm32cubeide_1.4.0/stm32cubeide/plugins/com.st.stm32cube.ide.mcu.externaltools.gnu-tools-for-stm32.7-2018-q2-update.win32_1.4.0.202007081208/tools/bin/../lib/gcc/arm-none-eabi/7.3.1/../../../../arm-none-eabi/lib/thumb/v7e-m/fpv4-sp/hard\libc_nano.a(lib_a-locale.o)
                0x000000000800c77c                __locale_ctype_ptr_l
 .text.__swhatbuf_r
                0x000000000800c782       0x48 c:/st/stm32cubeide_1.4.0/stm32cubeide/plugins/com.st.stm32cube.ide.mcu.externaltools.gnu-tools-for-stm32.7-2018-q2-update.win32_1.4.0.202007081208/tools/bin/../lib/gcc/arm-none-eabi/7.3.1/../../../../arm-none-eabi/lib/thumb/v7e-m/fpv4-sp/hard\libc_nano.a(lib_a-makebuf.o)
                0x000000000800c782                __swhatbuf_r
 *fill*         0x000000000800c7ca        0x2 
 .text.__smakebuf_r
                0x000000000800c7cc       0x80 c:/st/stm32cubeide_1.4.0/stm32cubeide/plugins/com.st.stm32cube.ide.mcu.externaltools.gnu-tools-for-stm32.7-2018-q2-update.win32_1.4.0.202007081208/tools/bin/../lib/gcc/arm-none-eabi/7.3.1/../../../../arm-none-eabi/lib/thumb/v7e-m/fpv4-sp/hard\libc_nano.a(lib_a-makebuf.o)
                0x000000000800c7cc                __smakebuf_r
 .text.malloc   0x000000000800c84c       0x10 c:/st/stm32cubeide_1.4.0/stm32cubeide/plugins/com.st.stm32cube.ide.mcu.externaltools.gnu-tools-for-stm32.7-2018-q2-update.win32_1.4.0.202007081208/tools/bin/../lib/gcc/arm-none-eabi/7.3.1/../../../../arm-none-eabi/lib/thumb/v7e-m/fpv4-sp/hard\libc_nano.a(lib_a-malloc.o)
                0x000000000800c84c                malloc
 .text.__ascii_mbtowc
                0x000000000800c85c       0x24 c:/st/stm32cubeide_1.4.0/stm32cubeide/plugins/com.st.stm32cube.ide.mcu.externaltools.gnu-tools-for-stm32.7-2018-q2-update.win32_1.4.0.202007081208/tools/bin/../lib/gcc/arm-none-eabi/7.3.1/../../../../arm-none-eabi/lib/thumb/v7e-m/fpv4-sp/hard\libc_nano.a(lib_a-mbtowc_r.o)
                0x000000000800c85c                __ascii_mbtowc
 .text._free_r  0x000000000800c880       0x9c c:/st/stm32cubeide_1.4.0/stm32cubeide/plugins/com.st.stm32cube.ide.mcu.externaltools.gnu-tools-for-stm32.7-2018-q2-update.win32_1.4.0.202007081208/tools/bin/../lib/gcc/arm-none-eabi/7.3.1/../../../../arm-none-eabi/lib/thumb/v7e-m/fpv4-sp/hard\libc_nano.a(lib_a-nano-freer.o)
                0x000000000800c880                _free_r
 .text._malloc_r
                0x000000000800c91c       0xb4 c:/st/stm32cubeide_1.4.0/stm32cubeide/plugins/com.st.stm32cube.ide.mcu.externaltools.gnu-tools-for-stm32.7-2018-q2-update.win32_1.4.0.202007081208/tools/bin/../lib/gcc/arm-none-eabi/7.3.1/../../../../arm-none-eabi/lib/thumb/v7e-m/fpv4-sp/hard\libc_nano.a(lib_a-nano-mallocr.o)
                0x000000000800c91c                _malloc_r
 .text.__ssputs_r
                0x000000000800c9d0       0xb4 c:/st/stm32cubeide_1.4.0/stm32cubeide/plugins/com.st.stm32cube.ide.mcu.externaltools.gnu-tools-for-stm32.7-2018-q2-update.win32_1.4.0.202007081208/tools/bin/../lib/gcc/arm-none-eabi/7.3.1/../../../../arm-none-eabi/lib/thumb/v7e-m/fpv4-sp/hard\libc_nano.a(lib_a-nano-svfprintf.o)
                0x000000000800c9d0                __ssputs_r
 .text._svfprintf_r
                0x000000000800ca84      0x1f0 c:/st/stm32cubeide_1.4.0/stm32cubeide/plugins/com.st.stm32cube.ide.mcu.externaltools.gnu-tools-for-stm32.7-2018-q2-update.win32_1.4.0.202007081208/tools/bin/../lib/gcc/arm-none-eabi/7.3.1/../../../../arm-none-eabi/lib/thumb/v7e-m/fpv4-sp/hard\libc_nano.a(lib_a-nano-svfprintf.o)
                0x000000000800ca84                _svfiprintf_r
                0x000000000800ca84                _svfprintf_r
 .text.__sfputc_r
                0x000000000800cc74       0x2e c:/st/stm32cubeide_1.4.0/stm32cubeide/plugins/com.st.stm32cube.ide.mcu.externaltools.gnu-tools-for-stm32.7-2018-q2-update.win32_1.4.0.202007081208/tools/bin/../lib/gcc/arm-none-eabi/7.3.1/../../../../arm-none-eabi/lib/thumb/v7e-m/fpv4-sp/hard\libc_nano.a(lib_a-nano-vfprintf.o)
 .text.__sfputs_r
                0x000000000800cca2       0x24 c:/st/stm32cubeide_1.4.0/stm32cubeide/plugins/com.st.stm32cube.ide.mcu.externaltools.gnu-tools-for-stm32.7-2018-q2-update.win32_1.4.0.202007081208/tools/bin/../lib/gcc/arm-none-eabi/7.3.1/../../../../arm-none-eabi/lib/thumb/v7e-m/fpv4-sp/hard\libc_nano.a(lib_a-nano-vfprintf.o)
                0x000000000800cca2                __sfputs_r
 *fill*         0x000000000800ccc6        0x2 
 .text._vfprintf_r
                0x000000000800ccc8      0x22c c:/st/stm32cubeide_1.4.0/stm32cubeide/plugins/com.st.stm32cube.ide.mcu.externaltools.gnu-tools-for-stm32.7-2018-q2-update.win32_1.4.0.202007081208/tools/bin/../lib/gcc/arm-none-eabi/7.3.1/../../../../arm-none-eabi/lib/thumb/v7e-m/fpv4-sp/hard\libc_nano.a(lib_a-nano-vfprintf.o)
                0x000000000800ccc8                _vfprintf_r
                0x000000000800ccc8                _vfiprintf_r
 .text._printf_common
                0x000000000800cef4       0xea c:/st/stm32cubeide_1.4.0/stm32cubeide/plugins/com.st.stm32cube.ide.mcu.externaltools.gnu-tools-for-stm32.7-2018-q2-update.win32_1.4.0.202007081208/tools/bin/../lib/gcc/arm-none-eabi/7.3.1/../../../../arm-none-eabi/lib/thumb/v7e-m/fpv4-sp/hard\libc_nano.a(lib_a-nano-vfprintf_i.o)
                0x000000000800cef4                _printf_common
 *fill*         0x000000000800cfde        0x2 
 .text._printf_i
                0x000000000800cfe0      0x224 c:/st/stm32cubeide_1.4.0/stm32cubeide/plugins/com.st.stm32cube.ide.mcu.externaltools.gnu-tools-for-stm32.7-2018-q2-update.win32_1.4.0.202007081208/tools/bin/../lib/gcc/arm-none-eabi/7.3.1/../../../../arm-none-eabi/lib/thumb/v7e-m/fpv4-sp/hard\libc_nano.a(lib_a-nano-vfprintf_i.o)
                0x000000000800cfe0                _printf_i
 .text._sbrk_r  0x000000000800d204       0x20 c:/st/stm32cubeide_1.4.0/stm32cubeide/plugins/com.st.stm32cube.ide.mcu.externaltools.gnu-tools-for-stm32.7-2018-q2-update.win32_1.4.0.202007081208/tools/bin/../lib/gcc/arm-none-eabi/7.3.1/../../../../arm-none-eabi/lib/thumb/v7e-m/fpv4-sp/hard\libc_nano.a(lib_a-sbrkr.o)
                0x000000000800d204                _sbrk_r
 .text.__sread  0x000000000800d224       0x22 c:/st/stm32cubeide_1.4.0/stm32cubeide/plugins/com.st.stm32cube.ide.mcu.externaltools.gnu-tools-for-stm32.7-2018-q2-update.win32_1.4.0.202007081208/tools/bin/../lib/gcc/arm-none-eabi/7.3.1/../../../../arm-none-eabi/lib/thumb/v7e-m/fpv4-sp/hard\libc_nano.a(lib_a-stdio.o)
                0x000000000800d224                __sread
 .text.__swrite
                0x000000000800d246       0x38 c:/st/stm32cubeide_1.4.0/stm32cubeide/plugins/com.st.stm32cube.ide.mcu.externaltools.gnu-tools-for-stm32.7-2018-q2-update.win32_1.4.0.202007081208/tools/bin/../lib/gcc/arm-none-eabi/7.3.1/../../../../arm-none-eabi/lib/thumb/v7e-m/fpv4-sp/hard\libc_nano.a(lib_a-stdio.o)
                0x000000000800d246                __swrite
 .text.__sseek  0x000000000800d27e       0x24 c:/st/stm32cubeide_1.4.0/stm32cubeide/plugins/com.st.stm32cube.ide.mcu.externaltools.gnu-tools-for-stm32.7-2018-q2-update.win32_1.4.0.202007081208/tools/bin/../lib/gcc/arm-none-eabi/7.3.1/../../../../arm-none-eabi/lib/thumb/v7e-m/fpv4-sp/hard\libc_nano.a(lib_a-stdio.o)
                0x000000000800d27e                __sseek
 .text.__sclose
                0x000000000800d2a2        0x8 c:/st/stm32cubeide_1.4.0/stm32cubeide/plugins/com.st.stm32cube.ide.mcu.externaltools.gnu-tools-for-stm32.7-2018-q2-update.win32_1.4.0.202007081208/tools/bin/../lib/gcc/arm-none-eabi/7.3.1/../../../../arm-none-eabi/lib/thumb/v7e-m/fpv4-sp/hard\libc_nano.a(lib_a-stdio.o)
                0x000000000800d2a2                __sclose
 .text.__ascii_wctomb
                0x000000000800d2aa       0x1a c:/st/stm32cubeide_1.4.0/stm32cubeide/plugins/com.st.stm32cube.ide.mcu.externaltools.gnu-tools-for-stm32.7-2018-q2-update.win32_1.4.0.202007081208/tools/bin/../lib/gcc/arm-none-eabi/7.3.1/../../../../arm-none-eabi/lib/thumb/v7e-m/fpv4-sp/hard\libc_nano.a(lib_a-wctomb_r.o)
                0x000000000800d2aa                __ascii_wctomb
 .text._write_r
                0x000000000800d2c4       0x24 c:/st/stm32cubeide_1.4.0/stm32cubeide/plugins/com.st.stm32cube.ide.mcu.externaltools.gnu-tools-for-stm32.7-2018-q2-update.win32_1.4.0.202007081208/tools/bin/../lib/gcc/arm-none-eabi/7.3.1/../../../../arm-none-eabi/lib/thumb/v7e-m/fpv4-sp/hard\libc_nano.a(lib_a-writer.o)
                0x000000000800d2c4                _write_r
 .text._close_r
                0x000000000800d2e8       0x20 c:/st/stm32cubeide_1.4.0/stm32cubeide/plugins/com.st.stm32cube.ide.mcu.externaltools.gnu-tools-for-stm32.7-2018-q2-update.win32_1.4.0.202007081208/tools/bin/../lib/gcc/arm-none-eabi/7.3.1/../../../../arm-none-eabi/lib/thumb/v7e-m/fpv4-sp/hard\libc_nano.a(lib_a-closer.o)
                0x000000000800d2e8                _close_r
 .text._fstat_r
                0x000000000800d308       0x24 c:/st/stm32cubeide_1.4.0/stm32cubeide/plugins/com.st.stm32cube.ide.mcu.externaltools.gnu-tools-for-stm32.7-2018-q2-update.win32_1.4.0.202007081208/tools/bin/../lib/gcc/arm-none-eabi/7.3.1/../../../../arm-none-eabi/lib/thumb/v7e-m/fpv4-sp/hard\libc_nano.a(lib_a-fstatr.o)
                0x000000000800d308                _fstat_r
 .text._isatty_r
                0x000000000800d32c       0x20 c:/st/stm32cubeide_1.4.0/stm32cubeide/plugins/com.st.stm32cube.ide.mcu.externaltools.gnu-tools-for-stm32.7-2018-q2-update.win32_1.4.0.202007081208/tools/bin/../lib/gcc/arm-none-eabi/7.3.1/../../../../arm-none-eabi/lib/thumb/v7e-m/fpv4-sp/hard\libc_nano.a(lib_a-isattyr.o)
                0x000000000800d32c                _isatty_r
 .text._lseek_r
                0x000000000800d34c       0x24 c:/st/stm32cubeide_1.4.0/stm32cubeide/plugins/com.st.stm32cube.ide.mcu.externaltools.gnu-tools-for-stm32.7-2018-q2-update.win32_1.4.0.202007081208/tools/bin/../lib/gcc/arm-none-eabi/7.3.1/../../../../arm-none-eabi/lib/thumb/v7e-m/fpv4-sp/hard\libc_nano.a(lib_a-lseekr.o)
                0x000000000800d34c                _lseek_r
 .text.memmove  0x000000000800d370       0x32 c:/st/stm32cubeide_1.4.0/stm32cubeide/plugins/com.st.stm32cube.ide.mcu.externaltools.gnu-tools-for-stm32.7-2018-q2-update.win32_1.4.0.202007081208/tools/bin/../lib/gcc/arm-none-eabi/7.3.1/../../../../arm-none-eabi/lib/thumb/v7e-m/fpv4-sp/hard\libc_nano.a(lib_a-memmove.o)
                0x000000000800d370                memmove
 .text.__malloc_lock
                0x000000000800d3a2        0x2 c:/st/stm32cubeide_1.4.0/stm32cubeide/plugins/com.st.stm32cube.ide.mcu.externaltools.gnu-tools-for-stm32.7-2018-q2-update.win32_1.4.0.202007081208/tools/bin/../lib/gcc/arm-none-eabi/7.3.1/../../../../arm-none-eabi/lib/thumb/v7e-m/fpv4-sp/hard\libc_nano.a(lib_a-mlock.o)
                0x000000000800d3a2                __malloc_lock
 .text.__malloc_unlock
                0x000000000800d3a4        0x2 c:/st/stm32cubeide_1.4.0/stm32cubeide/plugins/com.st.stm32cube.ide.mcu.externaltools.gnu-tools-for-stm32.7-2018-q2-update.win32_1.4.0.202007081208/tools/bin/../lib/gcc/arm-none-eabi/7.3.1/../../../../arm-none-eabi/lib/thumb/v7e-m/fpv4-sp/hard\libc_nano.a(lib_a-mlock.o)
                0x000000000800d3a4                __malloc_unlock
 .text._realloc_r
                0x000000000800d3a6       0x4c c:/st/stm32cubeide_1.4.0/stm32cubeide/plugins/com.st.stm32cube.ide.mcu.externaltools.gnu-tools-for-stm32.7-2018-q2-update.win32_1.4.0.202007081208/tools/bin/../lib/gcc/arm-none-eabi/7.3.1/../../../../arm-none-eabi/lib/thumb/v7e-m/fpv4-sp/hard\libc_nano.a(lib_a-nano-reallocr.o)
                0x000000000800d3a6                _realloc_r
 *fill*         0x000000000800d3f2        0x2 
 .text._read_r  0x000000000800d3f4       0x24 c:/st/stm32cubeide_1.4.0/stm32cubeide/plugins/com.st.stm32cube.ide.mcu.externaltools.gnu-tools-for-stm32.7-2018-q2-update.win32_1.4.0.202007081208/tools/bin/../lib/gcc/arm-none-eabi/7.3.1/../../../../arm-none-eabi/lib/thumb/v7e-m/fpv4-sp/hard\libc_nano.a(lib_a-readr.o)
                0x000000000800d3f4                _read_r
 .text._malloc_usable_size_r
                0x000000000800d418       0x10 c:/st/stm32cubeide_1.4.0/stm32cubeide/plugins/com.st.stm32cube.ide.mcu.externaltools.gnu-tools-for-stm32.7-2018-q2-update.win32_1.4.0.202007081208/tools/bin/../lib/gcc/arm-none-eabi/7.3.1/../../../../arm-none-eabi/lib/thumb/v7e-m/fpv4-sp/hard\libc_nano.a(lib_a-nano-msizer.o)
                0x000000000800d418                _malloc_usable_size_r
 *(.glue_7)
 .glue_7        0x000000000800d428        0x0 linker stubs
 *(.glue_7t)
 .glue_7t       0x000000000800d428        0x0 linker stubs
 *(.eh_frame)
 .eh_frame      0x000000000800d428        0x0 c:/st/stm32cubeide_1.4.0/stm32cubeide/plugins/com.st.stm32cube.ide.mcu.externaltools.gnu-tools-for-stm32.7-2018-q2-update.win32_1.4.0.202007081208/tools/bin/../lib/gcc/arm-none-eabi/7.3.1/thumb/v7e-m/fpv4-sp/hard/crtbegin.o
 *(.init)
 .init          0x000000000800d428        0x4 c:/st/stm32cubeide_1.4.0/stm32cubeide/plugins/com.st.stm32cube.ide.mcu.externaltools.gnu-tools-for-stm32.7-2018-q2-update.win32_1.4.0.202007081208/tools/bin/../lib/gcc/arm-none-eabi/7.3.1/thumb/v7e-m/fpv4-sp/hard/crti.o
                0x000000000800d428                _init
 .init          0x000000000800d42c        0x8 c:/st/stm32cubeide_1.4.0/stm32cubeide/plugins/com.st.stm32cube.ide.mcu.externaltools.gnu-tools-for-stm32.7-2018-q2-update.win32_1.4.0.202007081208/tools/bin/../lib/gcc/arm-none-eabi/7.3.1/thumb/v7e-m/fpv4-sp/hard/crtn.o
 *(.fini)
 .fini          0x000000000800d434        0x4 c:/st/stm32cubeide_1.4.0/stm32cubeide/plugins/com.st.stm32cube.ide.mcu.externaltools.gnu-tools-for-stm32.7-2018-q2-update.win32_1.4.0.202007081208/tools/bin/../lib/gcc/arm-none-eabi/7.3.1/thumb/v7e-m/fpv4-sp/hard/crti.o
                0x000000000800d434                _fini
 .fini          0x000000000800d438        0x8 c:/st/stm32cubeide_1.4.0/stm32cubeide/plugins/com.st.stm32cube.ide.mcu.externaltools.gnu-tools-for-stm32.7-2018-q2-update.win32_1.4.0.202007081208/tools/bin/../lib/gcc/arm-none-eabi/7.3.1/thumb/v7e-m/fpv4-sp/hard/crtn.o
                0x000000000800d440                . = ALIGN (0x4)
                0x000000000800d440                _etext = .

.vfp11_veneer   0x000000000800d440        0x0
 .vfp11_veneer  0x000000000800d440        0x0 linker stubs

.v4_bx          0x000000000800d440        0x0
 .v4_bx         0x000000000800d440        0x0 linker stubs

.iplt           0x000000000800d440        0x0
 .iplt          0x000000000800d440        0x0 c:/st/stm32cubeide_1.4.0/stm32cubeide/plugins/com.st.stm32cube.ide.mcu.externaltools.gnu-tools-for-stm32.7-2018-q2-update.win32_1.4.0.202007081208/tools/bin/../lib/gcc/arm-none-eabi/7.3.1/thumb/v7e-m/fpv4-sp/hard/crtbegin.o

.rodata         0x000000000800d440      0xef0
                0x000000000800d440                . = ALIGN (0x4)
 *(.rodata)
 .rodata        0x000000000800d440      0x4be Core/Src/es_wifi.o
 *fill*         0x000000000800d8fe        0x2 
 .rodata        0x000000000800d900      0x843 Core/Src/main.o
 *(.rodata*)
 *fill*         0x000000000800e143        0x1 
 .rodata.AHBPrescTable
                0x000000000800e144       0x10 Core/Src/system_stm32l4xx.o
                0x000000000800e144                AHBPrescTable
 .rodata.APBPrescTable
                0x000000000800e154        0x8 Core/Src/system_stm32l4xx.o
                0x000000000800e154                APBPrescTable
 .rodata.MSIRangeTable
                0x000000000800e15c       0x30 Core/Src/system_stm32l4xx.o
                0x000000000800e15c                MSIRangeTable
 .rodata._global_impure_ptr
                0x000000000800e18c        0x4 c:/st/stm32cubeide_1.4.0/stm32cubeide/plugins/com.st.stm32cube.ide.mcu.externaltools.gnu-tools-for-stm32.7-2018-q2-update.win32_1.4.0.202007081208/tools/bin/../lib/gcc/arm-none-eabi/7.3.1/../../../../arm-none-eabi/lib/thumb/v7e-m/fpv4-sp/hard\libc_nano.a(lib_a-impure.o)
                0x000000000800e18c                _global_impure_ptr
 .rodata.__sf_fake_stderr
                0x000000000800e190       0x20 c:/st/stm32cubeide_1.4.0/stm32cubeide/plugins/com.st.stm32cube.ide.mcu.externaltools.gnu-tools-for-stm32.7-2018-q2-update.win32_1.4.0.202007081208/tools/bin/../lib/gcc/arm-none-eabi/7.3.1/../../../../arm-none-eabi/lib/thumb/v7e-m/fpv4-sp/hard\libc_nano.a(lib_a-findfp.o)
                0x000000000800e190                __sf_fake_stderr
 .rodata.__sf_fake_stdin
                0x000000000800e1b0       0x20 c:/st/stm32cubeide_1.4.0/stm32cubeide/plugins/com.st.stm32cube.ide.mcu.externaltools.gnu-tools-for-stm32.7-2018-q2-update.win32_1.4.0.202007081208/tools/bin/../lib/gcc/arm-none-eabi/7.3.1/../../../../arm-none-eabi/lib/thumb/v7e-m/fpv4-sp/hard\libc_nano.a(lib_a-findfp.o)
                0x000000000800e1b0                __sf_fake_stdin
 .rodata.__sf_fake_stdout
                0x000000000800e1d0       0x20 c:/st/stm32cubeide_1.4.0/stm32cubeide/plugins/com.st.stm32cube.ide.mcu.externaltools.gnu-tools-for-stm32.7-2018-q2-update.win32_1.4.0.202007081208/tools/bin/../lib/gcc/arm-none-eabi/7.3.1/../../../../arm-none-eabi/lib/thumb/v7e-m/fpv4-sp/hard\libc_nano.a(lib_a-findfp.o)
                0x000000000800e1d0                __sf_fake_stdout
 .rodata._setlocale_r.str1.1
                0x000000000800e1f0        0x8 c:/st/stm32cubeide_1.4.0/stm32cubeide/plugins/com.st.stm32cube.ide.mcu.externaltools.gnu-tools-for-stm32.7-2018-q2-update.win32_1.4.0.202007081208/tools/bin/../lib/gcc/arm-none-eabi/7.3.1/../../../../arm-none-eabi/lib/thumb/v7e-m/fpv4-sp/hard\libc_nano.a(lib_a-locale.o)
                                          0x9 (size before relaxing)
 .rodata.str1.1
                0x000000000800e1f8        0x2 c:/st/stm32cubeide_1.4.0/stm32cubeide/plugins/com.st.stm32cube.ide.mcu.externaltools.gnu-tools-for-stm32.7-2018-q2-update.win32_1.4.0.202007081208/tools/bin/../lib/gcc/arm-none-eabi/7.3.1/../../../../arm-none-eabi/lib/thumb/v7e-m/fpv4-sp/hard\libc_nano.a(lib_a-locale.o)
 .rodata._svfprintf_r.str1.1
                0x000000000800e1fa       0x11 c:/st/stm32cubeide_1.4.0/stm32cubeide/plugins/com.st.stm32cube.ide.mcu.externaltools.gnu-tools-for-stm32.7-2018-q2-update.win32_1.4.0.202007081208/tools/bin/../lib/gcc/arm-none-eabi/7.3.1/../../../../arm-none-eabi/lib/thumb/v7e-m/fpv4-sp/hard\libc_nano.a(lib_a-nano-svfprintf.o)
 .rodata._vfprintf_r.str1.1
                0x000000000800e20b       0x11 c:/st/stm32cubeide_1.4.0/stm32cubeide/plugins/com.st.stm32cube.ide.mcu.externaltools.gnu-tools-for-stm32.7-2018-q2-update.win32_1.4.0.202007081208/tools/bin/../lib/gcc/arm-none-eabi/7.3.1/../../../../arm-none-eabi/lib/thumb/v7e-m/fpv4-sp/hard\libc_nano.a(lib_a-nano-vfprintf.o)
 .rodata._printf_i.str1.1
                0x000000000800e20b       0x22 c:/st/stm32cubeide_1.4.0/stm32cubeide/plugins/com.st.stm32cube.ide.mcu.externaltools.gnu-tools-for-stm32.7-2018-q2-update.win32_1.4.0.202007081208/tools/bin/../lib/gcc/arm-none-eabi/7.3.1/../../../../arm-none-eabi/lib/thumb/v7e-m/fpv4-sp/hard\libc_nano.a(lib_a-nano-vfprintf_i.o)
 .rodata._ctype_
                0x000000000800e22d      0x101 c:/st/stm32cubeide_1.4.0/stm32cubeide/plugins/com.st.stm32cube.ide.mcu.externaltools.gnu-tools-for-stm32.7-2018-q2-update.win32_1.4.0.202007081208/tools/bin/../lib/gcc/arm-none-eabi/7.3.1/../../../../arm-none-eabi/lib/thumb/v7e-m/fpv4-sp/hard\libc_nano.a(lib_a-ctype_.o)
                0x000000000800e22d                _ctype_
                0x000000000800e330                . = ALIGN (0x4)
 *fill*         0x000000000800e32e        0x2 

.ARM.extab      0x000000000800e330        0x0
                0x000000000800e330                . = ALIGN (0x4)
 *(.ARM.extab* .gnu.linkonce.armextab.*)
                0x000000000800e330                . = ALIGN (0x4)

.ARM            0x000000000800e330        0x8
                0x000000000800e330                . = ALIGN (0x4)
                0x000000000800e330                __exidx_start = .
 *(.ARM.exidx*)
 .ARM.exidx     0x000000000800e330        0x8 c:/st/stm32cubeide_1.4.0/stm32cubeide/plugins/com.st.stm32cube.ide.mcu.externaltools.gnu-tools-for-stm32.7-2018-q2-update.win32_1.4.0.202007081208/tools/bin/../lib/gcc/arm-none-eabi/7.3.1/thumb/v7e-m/fpv4-sp/hard\libgcc.a(_udivmoddi4.o)
                0x000000000800e338                __exidx_end = .
                0x000000000800e338                . = ALIGN (0x4)

.rel.dyn        0x000000000800e338        0x0
 .rel.iplt      0x000000000800e338        0x0 c:/st/stm32cubeide_1.4.0/stm32cubeide/plugins/com.st.stm32cube.ide.mcu.externaltools.gnu-tools-for-stm32.7-2018-q2-update.win32_1.4.0.202007081208/tools/bin/../lib/gcc/arm-none-eabi/7.3.1/thumb/v7e-m/fpv4-sp/hard/crtbegin.o

.preinit_array  0x000000000800e338        0x0
                0x000000000800e338                . = ALIGN (0x4)
                0x000000000800e338                PROVIDE (__preinit_array_start = .)
 *(.preinit_array*)
                0x000000000800e338                PROVIDE (__preinit_array_end = .)
                0x000000000800e338                . = ALIGN (0x4)

.init_array     0x000000000800e338        0x4
                0x000000000800e338                . = ALIGN (0x4)
                0x000000000800e338                PROVIDE (__init_array_start = .)
 *(SORT_BY_NAME(.init_array.*))
 *(.init_array*)
 .init_array    0x000000000800e338        0x4 c:/st/stm32cubeide_1.4.0/stm32cubeide/plugins/com.st.stm32cube.ide.mcu.externaltools.gnu-tools-for-stm32.7-2018-q2-update.win32_1.4.0.202007081208/tools/bin/../lib/gcc/arm-none-eabi/7.3.1/thumb/v7e-m/fpv4-sp/hard/crtbegin.o
                0x000000000800e33c                PROVIDE (__init_array_end = .)
                0x000000000800e33c                . = ALIGN (0x4)

.fini_array     0x000000000800e33c        0x4
                0x000000000800e33c                . = ALIGN (0x4)
                [!provide]                        PROVIDE (__fini_array_start = .)
 *(SORT_BY_NAME(.fini_array.*))
 *(.fini_array*)
 .fini_array    0x000000000800e33c        0x4 c:/st/stm32cubeide_1.4.0/stm32cubeide/plugins/com.st.stm32cube.ide.mcu.externaltools.gnu-tools-for-stm32.7-2018-q2-update.win32_1.4.0.202007081208/tools/bin/../lib/gcc/arm-none-eabi/7.3.1/thumb/v7e-m/fpv4-sp/hard/crtbegin.o
                [!provide]                        PROVIDE (__fini_array_end = .)
                0x000000000800e340                . = ALIGN (0x4)
                0x000000000800e340                _sidata = LOADADDR (.data)

.data           0x0000000020000000      0x534 load address 0x000000000800e340
                0x0000000020000000                . = ALIGN (0x4)
                0x0000000020000000                _sdata = .
 *(.data)
 *(.data*)
 .data.HTS221_T_Drv
                0x0000000020000000       0x10 Core/Src/hts221.o
                0x0000000020000000                HTS221_T_Drv
 .data.Dev      0x0000000020000010      0x188 Core/Src/main.o
                0x0000000020000010                Dev
 .data.alarmDist
                0x0000000020000198        0x4 Core/Src/main.o
 .data.GPIO_PORT
                0x000000002000019c        0x4 Core/Src/stm32l475e_iot01.o
                0x000000002000019c                GPIO_PORT
 .data.SystemCoreClock
                0x00000000200001a0        0x4 Core/Src/system_stm32l4xx.o
                0x00000000200001a0                SystemCoreClock
 .data.InterruptThresholdSettings
                0x00000000200001a4      0x1b6 Core/Src/vl53l0x/vl53l0x_api.o
                0x00000000200001a4                InterruptThresholdSettings
 *fill*         0x000000002000035a        0x2 
 .data.uwTickPrio
                0x000000002000035c        0x4 Drivers/STM32L4xx_HAL_Driver/Src/stm32l4xx_hal.o
                0x000000002000035c                uwTickPrio
 .data.uwTickFreq
                0x0000000020000360        0x1 Drivers/STM32L4xx_HAL_Driver/Src/stm32l4xx_hal.o
                0x0000000020000360                uwTickFreq
 *fill*         0x0000000020000361        0x3 
 .data._impure_ptr
                0x0000000020000364        0x4 c:/st/stm32cubeide_1.4.0/stm32cubeide/plugins/com.st.stm32cube.ide.mcu.externaltools.gnu-tools-for-stm32.7-2018-q2-update.win32_1.4.0.202007081208/tools/bin/../lib/gcc/arm-none-eabi/7.3.1/../../../../arm-none-eabi/lib/thumb/v7e-m/fpv4-sp/hard\libc_nano.a(lib_a-impure.o)
                0x0000000020000364                _impure_ptr
 .data.impure_data
                0x0000000020000368       0x60 c:/st/stm32cubeide_1.4.0/stm32cubeide/plugins/com.st.stm32cube.ide.mcu.externaltools.gnu-tools-for-stm32.7-2018-q2-update.win32_1.4.0.202007081208/tools/bin/../lib/gcc/arm-none-eabi/7.3.1/../../../../arm-none-eabi/lib/thumb/v7e-m/fpv4-sp/hard\libc_nano.a(lib_a-impure.o)
 .data.__global_locale
                0x00000000200003c8      0x16c c:/st/stm32cubeide_1.4.0/stm32cubeide/plugins/com.st.stm32cube.ide.mcu.externaltools.gnu-tools-for-stm32.7-2018-q2-update.win32_1.4.0.202007081208/tools/bin/../lib/gcc/arm-none-eabi/7.3.1/../../../../arm-none-eabi/lib/thumb/v7e-m/fpv4-sp/hard\libc_nano.a(lib_a-locale.o)
                0x00000000200003c8                __global_locale
                0x0000000020000534                . = ALIGN (0x4)