main.c:112:5:main	8	static
main.c:147:12:wifi_start	112	static
main.c:184:5:wifi_connect	224	static
main.c:224:5:wifi_server	248	static
main.c:280:13:WebServerProcess	80	static
main.c:444:22:SendWebPage	200	static
main.c:569:13:VL53L0X_PROXIMITY_Init	8	static
main.c:584:17:VL53L0X_PROXIMITY_GetDistance	40	static
main.c:596:13:VL53L0X_PROXIMITY_MspInit	32	static
main.c:612:6:HAL_GPIO_EXTI_Callback	16	static
main.c:643:6:SPI3_IRQHandler	8	static
main.c:652:6:SystemClock_Config	232	static
main.c:708:13:MX_TIM16_Init	8	static
main.c:730:13:MX_USART1_UART_Init	8	static
main.c:755:13:MX_GPIO_Init	48	static
main.c:1001:6:HAL_TIM_PeriodElapsedCallback	16	static
main.c:1026:6:serialPrint	16	static
main.c:1034:6:checkSensors	24	static
main.c:1064:6:Error_Handler	4	static
